[1] pinned solve -> Optimal objective=6012953

Starting CP-SAT solver v9.15.6755
Parameters: random_seed: 1 log_search_progress: true num_search_workers: 1 debug_crash_if_presolve_breaks_hint: true

Initial optimization model '': (model_fingerprint: 0x2dbef549504eb009)
#Variables: 90'770 (#ints: 1 in objective) (66'980 primary variables)
  - 90'629 Booleans in [0,1]
  - 2 in [-100000,100000]
  - 6 in [0,10000]
  - 10 in [0,100000]
  - 47 in [0,10000000]
  - 16 in [0,100000000]
  - 24 in [0,1000000000]
  - 36 in [0,10000000000]
#kLinear1: 39'450 (#enforced: 17'916)
#kLinear2: 38'738 (#enforced: 23'190)
#kLinear3: 6'230
#kLinearN: 2'123 (#terms: 218'581)

Starting presolve at 0.17s
The solution hint is complete and is feasible. Its objective value is 6012953.
  1.71e-02s  0.00e+00d  [DetectDominanceRelations] 
  1.53e-02s  0.00e+00d  [DetectDominanceRelations] 
  2.95e-01s  0.00e+00d  [operations_research::sat::CpModelPresolver::PresolveToFixPoint] #num_loops=6 #num_dual_strengthening=3 
  1.76e-03s  0.00e+00d  [operations_research::sat::CpModelPresolver::ExtractEncodingFromLinear] #potential_supersets=1'380 #potential_subsets=4 
  4.07e-03s  0.00e+00d  [operations_research::sat::CpModelPresolver::DetectDuplicateColumns] 
  7.32e-03s  0.00e+00d  [operations_research::sat::CpModelPresolver::DetectDuplicateConstraints] #duplicates=17'222 
[Symmetry] Graph for symmetry has 164'309 nodes and 152'202 arcs.
[Symmetry] Symmetry computation done. time: 0.012601 dtime: 0.0265947
[Symmetry] #generators: 1, average support size: 2
[Symmetry] 1 orbits on 2 variables with sizes: 2
[SAT presolve] num removable Booleans: 0 / 11'270
[SAT presolve] num trivial clauses: 0
[SAT presolve] [0s] clauses:1'634 literals:3'268 vars:1'706 one_side_vars:1706 simple_definition:0 singleton_clauses:0
[SAT presolve] [0.0001013s] clauses:1'634 literals:3'268 vars:1'706 one_side_vars:1706 simple_definition:0 singleton_clauses:0
[SAT presolve] [0.0003915s] clauses:1'634 literals:3'268 vars:1'706 one_side_vars:1706 simple_definition:0 singleton_clauses:0
  1.46e-02s  0.00e+00d  [operations_research::sat::CpModelPresolver::DetectDuplicateConstraintsWithDifferentEnforcements] #without_enforcements=17'251 
  1.42e+00s  1.00e+00d *[operations_research::sat::CpModelPresolver::Probe] #probed=1'800 #fixed_bools=417 #new_bounds=65 #equiv=1 #new_binary_clauses=43'114 
  6.95e-02s  3.59e-01d  [MaxClique] Merged 1'636 constraints with 3'477 literals into 78 constraints with 1'919 literals
  1.33e-02s  0.00e+00d  [DetectDominanceRelations] 
  1.39e-01s  0.00e+00d  [operations_research::sat::CpModelPresolver::PresolveToFixPoint] #num_loops=3 #num_dual_strengthening=2 
  1.01e-02s  0.00e+00d  [operations_research::sat::CpModelPresolver::ProcessAtMostOneAndLinear] #num_changes=4 
  2.08e-03s  0.00e+00d  [operations_research::sat::CpModelPresolver::DetectDuplicateConstraints] 
  4.21e-03s  0.00e+00d  [operations_research::sat::CpModelPresolver::DetectDuplicateConstraintsWithDifferentEnforcements] #without_enforcements=16'990 
  1.63e+00s  4.43e-02d  [operations_research::sat::CpModelPresolver::DetectDominatedLinearConstraints] #relevant_constraints=6'242 #num_inclusions=4'281'235 #num_redundant=219 
  2.28e-03s  0.00e+00d  [operations_research::sat::CpModelPresolver::DetectDifferentVariables] 
  6.87e-03s  1.19e-04d  [operations_research::sat::CpModelPresolver::ProcessSetPPC] #relevant_constraints=1'520 #num_inclusions=56 
  9.40e-03s  0.00e+00d  [operations_research::sat::CpModelPresolver::TransformClausesToExactlyOne] #num_amos=76 
  5.07e-03s  0.00e+00d  [operations_research::sat::CpModelPresolver::DetectEncodedComplexDomains] 
  1.08e-03s  0.00e+00d  [operations_research::sat::CpModelPresolver::FindAlmostIdenticalLinearConstraints] 
  1.34e-01s  8.43e-02d  [operations_research::sat::CpModelPresolver::FindBigAtMostOneAndLinearOverlap] 
  5.16e-02s  3.28e-02d  [operations_research::sat::CpModelPresolver::FindBigVerticalLinearOverlap] #blocks=3 #saved_nz=152 
  6.83e-03s  3.68e-03d  [operations_research::sat::CpModelPresolver::FindBigHorizontalLinearOverlap] #linears=76 
  1.82e-03s  0.00e+00d  [operations_research::sat::CpModelPresolver::MergeClauses] 
  1.24e-02s  0.00e+00d  [DetectDominanceRelations] 
  1.37e-01s  0.00e+00d  [operations_research::sat::CpModelPresolver::PresolveToFixPoint] #num_loops=10 #num_dual_strengthening=2 
  1.21e-02s  0.00e+00d  [DetectDominanceRelations] 
  6.62e-02s  0.00e+00d  [operations_research::sat::CpModelPresolver::PresolveToFixPoint] #num_loops=2 #num_dual_strengthening=1 
  3.42e-03s  0.00e+00d  [operations_research::sat::CpModelPresolver::DetectDuplicateColumns] 
  1.55e-03s  0.00e+00d  [operations_research::sat::CpModelPresolver::DetectDuplicateConstraints] 
[Symmetry] Graph for symmetry has 149'582 nodes and 119'953 arcs.
[Symmetry] Symmetry computation done. time: 0.009686 dtime: 0.019133
[Symmetry] #generators: 1, average support size: 2
[Symmetry] 1 orbits on 2 variables with sizes: 2
[SAT presolve] num removable Booleans: 0 / 8'387
[SAT presolve] num trivial clauses: 0
[SAT presolve] [0s] clauses:5 literals:11 vars:4 one_side_vars:0 simple_definition:3 singleton_clauses:0
[SAT presolve] [3.53e-05s] clauses:5 literals:11 vars:4 one_side_vars:0 simple_definition:3 singleton_clauses:0
[SAT presolve] [0.0002042s] clauses:5 literals:11 vars:4 one_side_vars:0 simple_definition:3 singleton_clauses:0
  7.59e-03s  0.00e+00d  [operations_research::sat::CpModelPresolver::DetectDuplicateConstraintsWithDifferentEnforcements] #without_enforcements=13'475 
  1.44e+00s  1.00e+00d *[operations_research::sat::CpModelPresolver::Probe] #probed=3'049 #fixed_bools=3'104 #new_bounds=24 #equiv=27 #new_binary_clauses=9'336 
  1.40e-02s  6.91e-02d  [MaxClique] Merged 82 constraints with 1'722 literals into 81 constraints with 1'721 literals
  5.50e-02s  0.00e+00d  [DetectDominanceRelations] 
  4.15e-02s  0.00e+00d  [DetectDominanceRelations] 
  1.80e-01s  0.00e+00d  [operations_research::sat::CpModelPresolver::PresolveToFixPoint] #num_loops=5 #num_dual_strengthening=3 
  2.37e-02s  0.00e+00d  [operations_research::sat::CpModelPresolver::ProcessAtMostOneAndLinear] #num_changes=1 
  2.87e-03s  0.00e+00d  [operations_research::sat::CpModelPresolver::DetectDuplicateConstraints] #duplicates=11 
  3.07e-03s  0.00e+00d  [operations_research::sat::CpModelPresolver::DetectDuplicateConstraintsWithDifferentEnforcements] #without_enforcements=7'911 
  1.54e+00s  4.23e-02d  [operations_research::sat::CpModelPresolver::DetectDominatedLinearConstraints] #relevant_constraints=5'990 #num_inclusions=4'093'262 #num_redundant=311 
  1.75e-03s  0.00e+00d  [operations_research::sat::CpModelPresolver::DetectDifferentVariables] 
  4.66e-03s  4.46e-05d  [operations_research::sat::CpModelPresolver::ProcessSetPPC] #relevant_constraints=1'104 #num_inclusions=4 
  8.99e-03s  0.00e+00d  [operations_research::sat::CpModelPresolver::TransformClausesToExactlyOne] #num_amos=60 
  2.32e-03s  0.00e+00d  [operations_research::sat::CpModelPresolver::DetectEncodedComplexDomains] 
  1.32e-03s  5.00e-08d  [operations_research::sat::CpModelPresolver::FindAlmostIdenticalLinearConstraints] #num_tested_pairs=1 
  7.90e-02s  4.97e-02d  [operations_research::sat::CpModelPresolver::FindBigAtMostOneAndLinearOverlap] 
  2.58e-02s  1.98e-02d  [operations_research::sat::CpModelPresolver::FindBigVerticalLinearOverlap] 
  6.95e-03s  2.39e-03d  [operations_research::sat::CpModelPresolver::FindBigHorizontalLinearOverlap] #linears=66 
  1.45e-03s  0.00e+00d  [operations_research::sat::CpModelPresolver::MergeClauses] 
  1.14e-02s  0.00e+00d  [DetectDominanceRelations] 
  7.79e-02s  0.00e+00d  [operations_research::sat::CpModelPresolver::PresolveToFixPoint] #num_loops=6 #num_dual_strengthening=2 
  1.13e-02s  0.00e+00d  [DetectDominanceRelations] 
  4.93e-02s  0.00e+00d  [operations_research::sat::CpModelPresolver::PresolveToFixPoint] #num_loops=1 #num_dual_strengthening=1 
  2.53e-03s  0.00e+00d  [operations_research::sat::CpModelPresolver::DetectDuplicateColumns] 
  1.03e-03s  0.00e+00d  [operations_research::sat::CpModelPresolver::DetectDuplicateConstraints] 
[Symmetry] Graph for symmetry has 136'989 nodes and 89'682 arcs.
[Symmetry] Symmetry computation done. time: 0.0086662 dtime: 0.0147735
[Symmetry] #generators: 1, average support size: 2
[Symmetry] 1 orbits on 2 variables with sizes: 2
  6.76e-03s  0.00e+00d  [operations_research::sat::CpModelPresolver::DetectDuplicateConstraintsWithDifferentEnforcements] #without_enforcements=7'911 
  1.42e+00s  1.00e+00d *[operations_research::sat::CpModelPresolver::Probe] #probed=3'593 #fixed_bools=324 #new_bounds=8 #equiv=1 #new_binary_clauses=5'593 
  9.61e-03s  4.46e-02d  [MaxClique] 
  1.22e-02s  0.00e+00d  [DetectDominanceRelations] 
  5.21e-02s  0.00e+00d  [operations_research::sat::CpModelPresolver::PresolveToFixPoint] #num_loops=2 #num_dual_strengthening=1 
  7.86e-03s  0.00e+00d  [operations_research::sat::CpModelPresolver::ProcessAtMostOneAndLinear] 
  1.96e-03s  0.00e+00d  [operations_research::sat::CpModelPresolver::DetectDuplicateConstraints] #duplicates=15 
  3.01e-03s  0.00e+00d  [operations_research::sat::CpModelPresolver::DetectDuplicateConstraintsWithDifferentEnforcements] #without_enforcements=7'445 
  1.49e+00s  4.18e-02d  [operations_research::sat::CpModelPresolver::DetectDominatedLinearConstraints] #relevant_constraints=5'677 #num_inclusions=4'056'193 #num_redundant=23 
  1.53e-03s  0.00e+00d  [operations_research::sat::CpModelPresolver::DetectDifferentVariables] 
  3.71e-03s  4.03e-05d  [operations_research::sat::CpModelPresolver::ProcessSetPPC] #relevant_constraints=1'061 #num_inclusions=2 
  1.03e-02s  1.31e-07d  [operations_research::sat::CpModelPresolver::TransformClausesToExactlyOne] #num_amos=60 #num_clauses=1 #num_checked=1 
  2.21e-03s  0.00e+00d  [operations_research::sat::CpModelPresolver::DetectEncodedComplexDomains] 
  9.71e-04s  5.00e-08d  [operations_research::sat::CpModelPresolver::FindAlmostIdenticalLinearConstraints] #num_tested_pairs=1 
  8.16e-02s  4.96e-02d  [operations_research::sat::CpModelPresolver::FindBigAtMostOneAndLinearOverlap] 
  2.60e-02s  1.97e-02d  [operations_research::sat::CpModelPresolver::FindBigVerticalLinearOverlap] 
  4.64e-03s  2.31e-03d  [operations_research::sat::CpModelPresolver::FindBigHorizontalLinearOverlap] #linears=64 
  1.98e-03s  6.50e-08d  [operations_research::sat::CpModelPresolver::MergeClauses] 
  1.24e-02s  0.00e+00d  [DetectDominanceRelations] 
  5.51e-02s  0.00e+00d  [operations_research::sat::CpModelPresolver::PresolveToFixPoint] #num_loops=3 #num_dual_strengthening=2 
  6.14e-04s  0.00e+00d  [MergeNoOverlap] 
  3.38e-04s  0.00e+00d  [MergeNoOverlap2D] 
  1.46e-02s  0.00e+00d  [operations_research::sat::CpModelPresolver::ExpandObjective] #entries=989'914 #tight_variables=6'474 #tight_constraints=948 #expands=225 

Presolve summary:
  - 245 affine relations were detected.
  - rule 'TODO dual: only one blocking constraint?' was applied 87'448 times.
  - rule 'TODO dual: only one unspecified blocking constraint?' was applied 9 times.
  - rule 'affine: new relation' was applied 245 times.
  - rule 'at_most_one: removed literals' was applied 1 time.
  - rule 'at_most_one: satisfied' was applied 16 times.
  - rule 'at_most_one: transformed into max clique' was applied 2 times.
  - rule 'at_most_one: x and not(x)' was applied 1 time.
  - rule 'bool_or: always true' was applied 1 time.
  - rule 'bool_or: implications' was applied 1'635 times.
  - rule 'bool_or: only one literal' was applied 2'852 times.
  - rule 'bool_or: removed enforcement literal' was applied 2 times.
  - rule 'deductions: 17797 stored' was applied 1 time.
  - rule 'domination: in exactly one' was applied 11 times.
  - rule 'dual: fix variable' was applied 2 times.
  - rule 'dual: reduced domain' was applied 35 times.
  - rule 'duplicate: identical constraint with implied enforcements' was applied 2 times.
  - rule 'duplicate: merged rhs of linear constraint' was applied 17'151 times.
  - rule 'duplicate: removed constraint' was applied 17'248 times.
  - rule 'duplicate: removed enforced constraint' was applied 1 time.
  - rule 'enforcement: false literal' was applied 9'589 times.
  - rule 'enforcement: true literal' was applied 4 times.
  - rule 'exactly_one: removed literals' was applied 2'129 times.
  - rule 'exactly_one: satisfied' was applied 366 times.
  - rule 'exactly_one: size two' was applied 39 times.
  - rule 'exactly_one: x and not(x)' was applied 66 times.
  - rule 'linear + amo: detect hidden AMO' was applied 3 times.
  - rule 'linear + amo: empty after processing' was applied 1 time.
  - rule 'linear + amo: extracted enforcement literal' was applied 21 times.
  - rule 'linear + amo: removed enforcement literal' was applied 1 time.
  - rule 'linear inclusion: redundant containing constraint' was applied 88 times.
  - rule 'linear inclusion: redundant included constraint' was applied 465 times.
  - rule 'linear matrix: common vertical rectangle' was applied 3 times.
  - rule 'linear1: always true' was applied 10 times.
  - rule 'linear1: x in domain' was applied 21'601 times.
  - rule 'linear2: contains a boolean' was applied 6 times.
  - rule 'linear2: convert ax + by != cte to clauses' was applied 1'634 times.
  - rule 'linear: all booleans and trivially true' was applied 8 times.
  - rule 'linear: always true' was applied 15'505 times.
  - rule 'linear: coefficient strengthening by increasing it' was applied 6 times.
  - rule 'linear: divide by GCD' was applied 20'704 times.
  - rule 'linear: doubleton free' was applied 8 times.
  - rule 'linear: empty' was applied 735 times.
  - rule 'linear: extracted at most one (max)' was applied 1 time.
  - rule 'linear: extracted enforcement literal' was applied 3 times.
  - rule 'linear: fixed or dup variables' was applied 10'943 times.
  - rule 'linear: negative equal one' was applied 1'312 times.
  - rule 'linear: never in domain' was applied 2'853 times.
  - rule 'linear: positive at most one' was applied 5 times.
  - rule 'linear: positive equal one' was applied 63 times.
  - rule 'linear: reduced variable domains' was applied 928 times.
  - rule 'linear: reduced variable domains in derived constraint' was applied 122 times.
  - rule 'linear: remapped using affine relations' was applied 113 times.
  - rule 'linear: simplified rhs' was applied 7 times.
  - rule 'linear: simplify using approximate gcd' was applied 8 times.
  - rule 'linear: singleton column' was applied 34 times.
  - rule 'linear: singleton column define objective' was applied 1 time.
  - rule 'linear: tightened into equality' was applied 10 times.
  - rule 'linear: variable substitution 0' was applied 4 times.
  - rule 'linear: variable substitution 1' was applied 9 times.
  - rule 'new_bool: integer encoding' was applied 3 times.
  - rule 'objective: expanded via tight equality' was applied 225 times.
  - rule 'objective: shifted cost with exactly ones' was applied 225 times.
  - rule 'objective: variable not used elsewhere' was applied 1 time.
  - rule 'presolve: 85524 unused variables removed.' was applied 1 time.
  - rule 'presolve: iteration' was applied 3 times.
  - rule 'probing: reduced enforced constraint to implication' was applied 1 time.
  - rule 'setppc: bool_or in at_most_one' was applied 1 time.
  - rule 'setppc: exactly_one included in linear' was applied 60 times.
  - rule 'setppc: reduced linear coefficients' was applied 57 times.
  - rule 'setppc: removed dominated constraints' was applied 1 time.
  - rule 'setppc: removed trivial linear constraint' was applied 3 times.
  - rule 'variables: add encoding constraint' was applied 3 times.
  - rule 'variables: canonicalize affine domain' was applied 2 times.
  - rule 'variables: canonicalize domain' was applied 1 time.
  - rule 'variables: detect half reified value encoding' was applied 4 times.
  - rule 'variables: only used in objective and in encodings' was applied 1 time.
  - rule 'variables: reduce domain to encoded values' was applied 1 time.

Presolved optimization model '': (model_fingerprint: 0xde32a39598a50834)
#Variables: 4'961 (#bools: 225 #ints: 13 in objective) (4'011 primary variables)
  - 4'891 Booleans in [0,1]
  - 1 in [-389621917008876,369515305026543]
  - 1 in [0][4,30]
  - 1 in [0][715711359350][1378407062452][1431422718700][1993767358189]
  - 1 in [0,3]
  - 1 in [0,503190]
  - 1 in [4,34]
  - 1 in [96,6204]
  - 1 in [96,8504]
  - 4 in [98,1002]
  - 1 in [98,6202]
  - 1 in [98,8502]
  - 1 in [99,6258]
  - 4 in [198,202][298,11302]
  - 2 in [635,2963]
  - 1 in [1176,472341]
  - 1 in [1176,641175]
  - 2 in [1325,8502]
  - 1 in [1898,476652]
  - 1 in [2498,2502][2598,2602][2698,2702][2798]
  - 1 in [2498,2502][2598,2602][2698,2702][2798,2802]
  - 1 in [2596,50804]
  - 1 in [2597,9056]
  - 1 in [2597,9060]
  - 1 in [2598,50802]
  - 1 in [2967,45455]
  - 1 in [3761,16100]
  - 1 in [4396,57904]
  - 1 in [4398,57902]
  - 1 in [4630,76923]
  - 1 in [5482,74418]
  - 1 in [7381,85476]
  - 1 in [9498,9902]
  - 1 in [11765,1000000]
  - 1 in [15289,1491830]
  - 1 in [15980,1011739]
  - 1 in [16129,1000000]
  - 1 in [21440,662955]
  - 1 in [25873,1502414]
  - 1 in [27920,662955]
  - 1 in [29401,213208]
  - 1 in [29401,213464]
  - 1 in [31132,72748]
  - 1 in [35478,104422]
  - 1 in [35480,104420]
  - 4 in [35714][36923][37037][38462][40000]
  - 1 in [37377,115480]
  - 1 in [37379,115478]
  - 1 in [40289,93014]
  - 2 in [49998,195002]
  - 2 in [49998,228002]
  - 1 in [65461,218244]
  - 1 in [80577,279042]
  - 1 in [93395,218244]
  - 1 in [118301,279042]
  - 1 in [725158,5757062]
  - 1 in [2194138,8336718]
  - 1 in [4207221,9436795]
#kAtMostOne: 60 (#literals: 1'350)
#kBoolOr: 1 (#literals: 13)
#kExactlyOne: 943 (#literals: 6'468)
#kLinear1: 3'031 (#enforced: 3'031)
#kLinear2: 6'567 (#enforced: 6'553)
#kLinear3: 5'576
#kLinearN: 64 (#enforced: 1 #multi: 1) (#terms: 7'947)
[Symmetry] Graph for symmetry has 50'218 nodes and 87'274 arcs.
[Symmetry] Symmetry computation done. time: 0.0045493 dtime: 0.00935677
[Symmetry] #generators: 1, average support size: 2
[Symmetry] 1 orbits on 2 variables with sizes: 2

Preloading model.
#Bound  11.22s best:inf   next:[8430153,35530326] initial_domain
The solution hint is complete, but it is infeasible! we will try to repair it.
Presolve broke a feasible hint
*** Check failure stack trace: ***
    @   00007FFB6F775AD0  (unknown)
    @   00007FFB6F9F473B  (unknown)
    @   00007FFBD0F762E6  (unknown)
    @   00007FFB50A79FAA  (unknown)
