
Starting CP-SAT solver v9.15.6755
Parameters: log_search_progress: true
Setting number of workers to 32
Setting number of shared tree workers to 8

Initial optimization model '': (model_fingerprint: 0xb654459f0530e01d)
#Variables: 90'770 (#ints: 1 in objective) (66'980 primary variables)
  - 90'629 Booleans in [0,1]
  - 2 in [-100000,100000]
  - 6 in [0,10000]
  - 10 in [0,100000]
  - 47 in [0,10000000]
  - 16 in [0,100000000]
  - 24 in [0,1000000000]
  - 36 in [0,10000000000]
#kLinear1: 39'450 (#enforced: 17'916)
#kLinear2: 38'738 (#enforced: 23'190)
#kLinear3: 6'230
#kLinearN: 2'123 (#terms: 218'581)

Starting presolve at 0.18s
  1.96e-02s  0.00e+00d  [DetectDominanceRelations] 
  1.93e-02s  0.00e+00d  [DetectDominanceRelations] 
  3.01e-01s  0.00e+00d  [operations_research::sat::CpModelPresolver::PresolveToFixPoint] #num_loops=6 #num_dual_strengthening=3 
  2.16e-03s  0.00e+00d  [operations_research::sat::CpModelPresolver::ExtractEncodingFromLinear] #potential_supersets=1'380 #potential_subsets=4 
  5.17e-03s  0.00e+00d  [operations_research::sat::CpModelPresolver::DetectDuplicateColumns] 
  7.25e-03s  0.00e+00d  [operations_research::sat::CpModelPresolver::DetectDuplicateConstraints] #duplicates=17'222 
[Symmetry] Graph for symmetry has 164'309 nodes and 152'202 arcs.
[Symmetry] Symmetry computation done. time: 0.0188205 dtime: 0.0265947
[Symmetry] #generators: 1, average support size: 2
[Symmetry] 1 orbits on 2 variables with sizes: 2
[SAT presolve] num removable Booleans: 0 / 11'270
[SAT presolve] num trivial clauses: 0
[SAT presolve] [0s] clauses:1'634 literals:3'268 vars:1'706 one_side_vars:1706 simple_definition:0 singleton_clauses:0
[SAT presolve] [0.000153s] clauses:1'634 literals:3'268 vars:1'706 one_side_vars:1706 simple_definition:0 singleton_clauses:0
[SAT presolve] [0.0005406s] clauses:1'634 literals:3'268 vars:1'706 one_side_vars:1706 simple_definition:0 singleton_clauses:0
  1.49e-02s  0.00e+00d  [operations_research::sat::CpModelPresolver::DetectDuplicateConstraintsWithDifferentEnforcements] #without_enforcements=17'251 
  1.53e+00s  1.00e+00d *[operations_research::sat::CpModelPresolver::Probe] #probed=1'800 #fixed_bools=417 #new_bounds=65 #equiv=1 #new_binary_clauses=43'114 
  6.69e-02s  3.59e-01d  [MaxClique] Merged 1'636 constraints with 3'477 literals into 78 constraints with 1'919 literals
  1.69e-02s  0.00e+00d  [DetectDominanceRelations] 
  1.43e-01s  0.00e+00d  [operations_research::sat::CpModelPresolver::PresolveToFixPoint] #num_loops=3 #num_dual_strengthening=2 
  1.05e-02s  0.00e+00d  [operations_research::sat::CpModelPresolver::ProcessAtMostOneAndLinear] #num_changes=4 
  2.58e-03s  0.00e+00d  [operations_research::sat::CpModelPresolver::DetectDuplicateConstraints] 
  5.43e-03s  0.00e+00d  [operations_research::sat::CpModelPresolver::DetectDuplicateConstraintsWithDifferentEnforcements] #without_enforcements=16'990 
  1.58e+00s  4.43e-02d  [operations_research::sat::CpModelPresolver::DetectDominatedLinearConstraints] #relevant_constraints=6'242 #num_inclusions=4'281'235 #num_redundant=219 
  1.86e-03s  0.00e+00d  [operations_research::sat::CpModelPresolver::DetectDifferentVariables] 
  7.11e-03s  1.19e-04d  [operations_research::sat::CpModelPresolver::ProcessSetPPC] #relevant_constraints=1'520 #num_inclusions=56 
  1.09e-02s  0.00e+00d  [operations_research::sat::CpModelPresolver::TransformClausesToExactlyOne] #num_amos=76 
  5.14e-03s  0.00e+00d  [operations_research::sat::CpModelPresolver::DetectEncodedComplexDomains] 
  1.19e-03s  0.00e+00d  [operations_research::sat::CpModelPresolver::FindAlmostIdenticalLinearConstraints] 
  1.32e-01s  8.43e-02d  [operations_research::sat::CpModelPresolver::FindBigAtMostOneAndLinearOverlap] 
  4.52e-02s  3.28e-02d  [operations_research::sat::CpModelPresolver::FindBigVerticalLinearOverlap] #blocks=3 #saved_nz=152 
  6.50e-03s  3.68e-03d  [operations_research::sat::CpModelPresolver::FindBigHorizontalLinearOverlap] #linears=76 
  1.91e-03s  0.00e+00d  [operations_research::sat::CpModelPresolver::MergeClauses] 
  1.58e-02s  0.00e+00d  [DetectDominanceRelations] 
  1.39e-01s  0.00e+00d  [operations_research::sat::CpModelPresolver::PresolveToFixPoint] #num_loops=10 #num_dual_strengthening=2 
  1.45e-02s  0.00e+00d  [DetectDominanceRelations] 
  6.96e-02s  0.00e+00d  [operations_research::sat::CpModelPresolver::PresolveToFixPoint] #num_loops=2 #num_dual_strengthening=1 
  3.75e-03s  0.00e+00d  [operations_research::sat::CpModelPresolver::DetectDuplicateColumns] 
  1.77e-03s  0.00e+00d  [operations_research::sat::CpModelPresolver::DetectDuplicateConstraints] 
[Symmetry] Graph for symmetry has 149'582 nodes and 119'953 arcs.
[Symmetry] Symmetry computation done. time: 0.0123844 dtime: 0.019133
[Symmetry] #generators: 1, average support size: 2
[Symmetry] 1 orbits on 2 variables with sizes: 2
[SAT presolve] num removable Booleans: 0 / 8'387
[SAT presolve] num trivial clauses: 0
[SAT presolve] [0s] clauses:5 literals:11 vars:4 one_side_vars:0 simple_definition:3 singleton_clauses:0
[SAT presolve] [3.85e-05s] clauses:5 literals:11 vars:4 one_side_vars:0 simple_definition:3 singleton_clauses:0
[SAT presolve] [0.0002548s] clauses:5 literals:11 vars:4 one_side_vars:0 simple_definition:3 singleton_clauses:0
  7.36e-03s  0.00e+00d  [operations_research::sat::CpModelPresolver::DetectDuplicateConstraintsWithDifferentEnforcements] #without_enforcements=13'475 
  1.39e+00s  1.00e+00d *[operations_research::sat::CpModelPresolver::Probe] #probed=3'049 #fixed_bools=3'104 #new_bounds=24 #equiv=27 #new_binary_clauses=9'336 
  1.42e-02s  6.91e-02d  [MaxClique] Merged 82 constraints with 1'722 literals into 81 constraints with 1'721 literals
  1.46e-02s  0.00e+00d  [DetectDominanceRelations] 
  1.18e-02s  0.00e+00d  [DetectDominanceRelations] 
  1.01e-01s  0.00e+00d  [operations_research::sat::CpModelPresolver::PresolveToFixPoint] #num_loops=5 #num_dual_strengthening=3 
  8.53e-03s  0.00e+00d  [operations_research::sat::CpModelPresolver::ProcessAtMostOneAndLinear] #num_changes=1 
  2.27e-03s  0.00e+00d  [operations_research::sat::CpModelPresolver::DetectDuplicateConstraints] #duplicates=11 
  2.86e-03s  0.00e+00d  [operations_research::sat::CpModelPresolver::DetectDuplicateConstraintsWithDifferentEnforcements] #without_enforcements=7'911 
  1.53e+00s  4.23e-02d  [operations_research::sat::CpModelPresolver::DetectDominatedLinearConstraints] #relevant_constraints=5'990 #num_inclusions=4'093'262 #num_redundant=311 
  2.18e-03s  0.00e+00d  [operations_research::sat::CpModelPresolver::DetectDifferentVariables] 
  7.89e-03s  4.46e-05d  [operations_research::sat::CpModelPresolver::ProcessSetPPC] #relevant_constraints=1'104 #num_inclusions=4 
  1.19e-02s  0.00e+00d  [operations_research::sat::CpModelPresolver::TransformClausesToExactlyOne] #num_amos=60 
  2.82e-03s  0.00e+00d  [operations_research::sat::CpModelPresolver::DetectEncodedComplexDomains] 
  1.13e-03s  5.00e-08d  [operations_research::sat::CpModelPresolver::FindAlmostIdenticalLinearConstraints] #num_tested_pairs=1 
  7.66e-02s  4.97e-02d  [operations_research::sat::CpModelPresolver::FindBigAtMostOneAndLinearOverlap] 
  2.72e-02s  1.98e-02d  [operations_research::sat::CpModelPresolver::FindBigVerticalLinearOverlap] 
  4.57e-03s  2.39e-03d  [operations_research::sat::CpModelPresolver::FindBigHorizontalLinearOverlap] #linears=66 
  1.59e-03s  0.00e+00d  [operations_research::sat::CpModelPresolver::MergeClauses] 
  1.31e-02s  0.00e+00d  [DetectDominanceRelations] 
  7.94e-02s  0.00e+00d  [operations_research::sat::CpModelPresolver::PresolveToFixPoint] #num_loops=6 #num_dual_strengthening=2 
  1.18e-02s  0.00e+00d  [DetectDominanceRelations] 
  4.93e-02s  0.00e+00d  [operations_research::sat::CpModelPresolver::PresolveToFixPoint] #num_loops=1 #num_dual_strengthening=1 
  2.63e-03s  0.00e+00d  [operations_research::sat::CpModelPresolver::DetectDuplicateColumns] 
  1.19e-03s  0.00e+00d  [operations_research::sat::CpModelPresolver::DetectDuplicateConstraints] 
[Symmetry] Graph for symmetry has 136'989 nodes and 89'682 arcs.
[Symmetry] Symmetry computation done. time: 0.0100775 dtime: 0.0147735
[Symmetry] #generators: 1, average support size: 2
[Symmetry] 1 orbits on 2 variables with sizes: 2
  6.37e-03s  0.00e+00d  [operations_research::sat::CpModelPresolver::DetectDuplicateConstraintsWithDifferentEnforcements] #without_enforcements=7'911 
  1.35e+00s  1.00e+00d *[operations_research::sat::CpModelPresolver::Probe] #probed=3'593 #fixed_bools=324 #new_bounds=8 #equiv=1 #new_binary_clauses=5'593 
  9.03e-03s  4.46e-02d  [MaxClique] 
  1.18e-02s  0.00e+00d  [DetectDominanceRelations] 
  5.00e-02s  0.00e+00d  [operations_research::sat::CpModelPresolver::PresolveToFixPoint] #num_loops=2 #num_dual_strengthening=1 
  8.55e-03s  0.00e+00d  [operations_research::sat::CpModelPresolver::ProcessAtMostOneAndLinear] 
  1.77e-03s  0.00e+00d  [operations_research::sat::CpModelPresolver::DetectDuplicateConstraints] #duplicates=15 
  2.41e-03s  0.00e+00d  [operations_research::sat::CpModelPresolver::DetectDuplicateConstraintsWithDifferentEnforcements] #without_enforcements=7'445 
  1.47e+00s  4.18e-02d  [operations_research::sat::CpModelPresolver::DetectDominatedLinearConstraints] #relevant_constraints=5'677 #num_inclusions=4'056'193 #num_redundant=23 
  1.42e-03s  0.00e+00d  [operations_research::sat::CpModelPresolver::DetectDifferentVariables] 
  3.39e-03s  4.03e-05d  [operations_research::sat::CpModelPresolver::ProcessSetPPC] #relevant_constraints=1'061 #num_inclusions=2 
  9.97e-03s  1.31e-07d  [operations_research::sat::CpModelPresolver::TransformClausesToExactlyOne] #num_amos=60 #num_clauses=1 #num_checked=1 
  2.63e-03s  0.00e+00d  [operations_research::sat::CpModelPresolver::DetectEncodedComplexDomains] 
  1.13e-03s  5.00e-08d  [operations_research::sat::CpModelPresolver::FindAlmostIdenticalLinearConstraints] #num_tested_pairs=1 
  7.48e-02s  4.96e-02d  [operations_research::sat::CpModelPresolver::FindBigAtMostOneAndLinearOverlap] 
  2.69e-02s  1.97e-02d  [operations_research::sat::CpModelPresolver::FindBigVerticalLinearOverlap] 
  4.73e-03s  2.31e-03d  [operations_research::sat::CpModelPresolver::FindBigHorizontalLinearOverlap] #linears=64 
  1.78e-03s  6.50e-08d  [operations_research::sat::CpModelPresolver::MergeClauses] 
  1.18e-02s  0.00e+00d  [DetectDominanceRelations] 
  5.29e-02s  0.00e+00d  [operations_research::sat::CpModelPresolver::PresolveToFixPoint] #num_loops=3 #num_dual_strengthening=2 
  2.54e-04s  0.00e+00d  [MergeNoOverlap] 
  2.42e-04s  0.00e+00d  [MergeNoOverlap2D] 
  1.41e-02s  0.00e+00d  [operations_research::sat::CpModelPresolver::ExpandObjective] #entries=989'914 #tight_variables=6'474 #tight_constraints=948 #expands=225 

Presolve summary:
  - 245 affine relations were detected.
  - rule 'TODO dual: only one blocking constraint?' was applied 87'448 times.
  - rule 'TODO dual: only one unspecified blocking constraint?' was applied 9 times.
  - rule 'affine: new relation' was applied 245 times.
  - rule 'at_most_one: removed literals' was applied 1 time.
  - rule 'at_most_one: satisfied' was applied 16 times.
  - rule 'at_most_one: transformed into max clique' was applied 2 times.
  - rule 'at_most_one: x and not(x)' was applied 1 time.
  - rule 'bool_or: always true' was applied 1 time.
  - rule 'bool_or: implications' was applied 1'635 times.
  - rule 'bool_or: only one literal' was applied 2'852 times.
  - rule 'bool_or: removed enforcement literal' was applied 2 times.
  - rule 'deductions: 17797 stored' was applied 1 time.
  - rule 'domination: in exactly one' was applied 11 times.
  - rule 'dual: fix variable' was applied 2 times.
  - rule 'dual: reduced domain' was applied 35 times.
  - rule 'duplicate: identical constraint with implied enforcements' was applied 2 times.
  - rule 'duplicate: merged rhs of linear constraint' was applied 17'151 times.
  - rule 'duplicate: removed constraint' was applied 17'248 times.
  - rule 'duplicate: removed enforced constraint' was applied 1 time.
  - rule 'enforcement: false literal' was applied 9'589 times.
  - rule 'enforcement: true literal' was applied 4 times.
  - rule 'exactly_one: removed literals' was applied 2'129 times.
  - rule 'exactly_one: satisfied' was applied 366 times.
  - rule 'exactly_one: size two' was applied 39 times.
  - rule 'exactly_one: x and not(x)' was applied 66 times.
  - rule 'linear + amo: detect hidden AMO' was applied 3 times.
  - rule 'linear + amo: empty after processing' was applied 1 time.
  - rule 'linear + amo: extracted enforcement literal' was applied 21 times.
  - rule 'linear + amo: removed enforcement literal' was applied 1 time.
  - rule 'linear inclusion: redundant containing constraint' was applied 88 times.
  - rule 'linear inclusion: redundant included constraint' was applied 465 times.
  - rule 'linear matrix: common vertical rectangle' was applied 3 times.
  - rule 'linear1: always true' was applied 10 times.
  - rule 'linear1: x in domain' was applied 21'601 times.
  - rule 'linear2: contains a boolean' was applied 6 times.
  - rule 'linear2: convert ax + by != cte to clauses' was applied 1'634 times.
  - rule 'linear: all booleans and trivially true' was applied 8 times.
  - rule 'linear: always true' was applied 15'505 times.
  - rule 'linear: coefficient strengthening by increasing it' was applied 6 times.
  - rule 'linear: divide by GCD' was applied 20'704 times.
  - rule 'linear: doubleton free' was applied 8 times.
  - rule 'linear: empty' was applied 735 times.
  - rule 'linear: extracted at most one (max)' was applied 1 time.
  - rule 'linear: extracted enforcement literal' was applied 3 times.
  - rule 'linear: fixed or dup variables' was applied 10'943 times.
  - rule 'linear: negative equal one' was applied 1'312 times.
  - rule 'linear: never in domain' was applied 2'853 times.
  - rule 'linear: positive at most one' was applied 5 times.
  - rule 'linear: positive equal one' was applied 63 times.
  - rule 'linear: reduced variable domains' was applied 928 times.
  - rule 'linear: reduced variable domains in derived constraint' was applied 122 times.
  - rule 'linear: remapped using affine relations' was applied 113 times.
  - rule 'linear: simplified rhs' was applied 7 times.
  - rule 'linear: simplify using approximate gcd' was applied 8 times.
  - rule 'linear: singleton column' was applied 34 times.
  - rule 'linear: singleton column define objective' was applied 1 time.
  - rule 'linear: tightened into equality' was applied 10 times.
  - rule 'linear: variable substitution 0' was applied 4 times.
  - rule 'linear: variable substitution 1' was applied 9 times.
  - rule 'new_bool: integer encoding' was applied 3 times.
  - rule 'objective: expanded via tight equality' was applied 225 times.
  - rule 'objective: shifted cost with exactly ones' was applied 225 times.
  - rule 'objective: variable not used elsewhere' was applied 1 time.
  - rule 'presolve: 85524 unused variables removed.' was applied 1 time.
  - rule 'presolve: iteration' was applied 3 times.
  - rule 'probing: reduced enforced constraint to implication' was applied 1 time.
  - rule 'setppc: bool_or in at_most_one' was applied 1 time.
  - rule 'setppc: exactly_one included in linear' was applied 60 times.
  - rule 'setppc: reduced linear coefficients' was applied 57 times.
  - rule 'setppc: removed dominated constraints' was applied 1 time.
  - rule 'setppc: removed trivial linear constraint' was applied 3 times.
  - rule 'variables: add encoding constraint' was applied 3 times.
  - rule 'variables: canonicalize affine domain' was applied 2 times.
  - rule 'variables: canonicalize domain' was applied 1 time.
  - rule 'variables: detect half reified value encoding' was applied 4 times.
  - rule 'variables: only used in objective and in encodings' was applied 1 time.
  - rule 'variables: reduce domain to encoded values' was applied 1 time.

Presolved optimization model '': (model_fingerprint: 0xca3febf44d8b5271)
#Variables: 4'961 (#bools: 225 #ints: 13 in objective) (4'011 primary variables)
  - 4'891 Booleans in [0,1]
  - 1 in [-389621917008876,369515305026543]
  - 1 in [0][4,30]
  - 1 in [0][715711359350][1378407062452][1431422718700][1993767358189]
  - 1 in [0,3]
  - 1 in [0,503190]
  - 1 in [4,34]
  - 1 in [96,6204]
  - 1 in [96,8504]
  - 4 in [98,1002]
  - 1 in [98,6202]
  - 1 in [98,8502]
  - 1 in [99,6258]
  - 4 in [198,202][298,11302]
  - 2 in [635,2963]
  - 1 in [1176,472341]
  - 1 in [1176,641175]
  - 2 in [1325,8502]
  - 1 in [1898,476652]
  - 1 in [2498,2502][2598,2602][2698,2702][2798]
  - 1 in [2498,2502][2598,2602][2698,2702][2798,2802]
  - 1 in [2596,50804]
  - 1 in [2597,9056]
  - 1 in [2597,9060]
  - 1 in [2598,50802]
  - 1 in [2967,45455]
  - 1 in [3761,16100]
  - 1 in [4396,57904]
  - 1 in [4398,57902]
  - 1 in [4630,76923]
  - 1 in [5482,74418]
  - 1 in [7381,85476]
  - 1 in [9498,9902]
  - 1 in [11765,1000000]
  - 1 in [15289,1491830]
  - 1 in [15980,1011739]
  - 1 in [16129,1000000]
  - 1 in [21440,662955]
  - 1 in [25873,1502414]
  - 1 in [27920,662955]
  - 1 in [29401,213208]
  - 1 in [29401,213464]
  - 1 in [31132,72748]
  - 1 in [35478,104422]
  - 1 in [35480,104420]
  - 4 in [35714][36923][37037][38462][40000]
  - 1 in [37377,115480]
  - 1 in [37379,115478]
  - 1 in [40289,93014]
  - 2 in [49998,195002]
  - 2 in [49998,228002]
  - 1 in [65461,218244]
  - 1 in [80577,279042]
  - 1 in [93395,218244]
  - 1 in [118301,279042]
  - 1 in [725158,5757062]
  - 1 in [2194138,8336718]
  - 1 in [4207221,9436795]
#kAtMostOne: 60 (#literals: 1'350)
#kBoolOr: 1 (#literals: 13)
#kExactlyOne: 943 (#literals: 6'468)
#kLinear1: 3'031 (#enforced: 3'031)
#kLinear2: 6'567 (#enforced: 6'553)
#kLinear3: 5'576
#kLinearN: 64 (#enforced: 1 #multi: 1) (#terms: 7'947)
[Symmetry] Graph for symmetry has 50'218 nodes and 87'274 arcs.
[Symmetry] Symmetry computation done. time: 0.004293 dtime: 0.00935677
[Symmetry] #generators: 1, average support size: 2
[Symmetry] 1 orbits on 2 variables with sizes: 2

Preloading model.
#Bound  11.04s best:inf   next:[8430153,35530326] initial_domain
#Model  11.04s var:4961/4961 constraints:16242/16242

Starting search at 11.05s with 32 workers.
23 full problem subsolvers: [core, default_lp, lb_tree_search, max_lp_sym, no_lp, objective_lb_search, objective_shaving_max_lp, objective_shaving_no_lp, probing, probing_max_lp, probing_no_lp, pseudo_costs, quick_restart, quick_restart_no_lp, reduced_costs, shared_tree(8)]
9 first solution subsolvers: [fj(3), fj_lin, fs_random, fs_random_no_lp(2), fs_random_quick_restart, fs_random_quick_restart_no_lp]
13 interleaved subsolvers: [feasibility_pump, graph_arc_lns, graph_cst_lns, graph_dec_lns, graph_var_lns, lb_relax_lns, ls(2), ls_lin, rins/rens, rnd_cst_lns, rnd_var_lns, variables_shaving]
3 helper subsolvers: [neighborhood_helper, synchronization_agent, update_gap_integral]

#Bound  11.15s best:inf   next:[8430246,35530326] objective_shaving_no_lp (vars=4962 csts=16246)
#Bound  11.15s best:inf   next:[8430405,35530326] objective_shaving_max_lp (vars=4962 csts=16246)
#Bound  11.25s best:inf   next:[8430579,35530326] objective_shaving_no_lp (vars=4962 csts=16246)
#Bound  11.41s best:inf   next:[8456210,35530326] objective_shaving_max_lp (vars=4962 csts=16250)
#Bound  11.62s best:inf   next:[8456237,35530326] objective_shaving_max_lp (vars=4962 csts=16250)
#Bound  11.72s best:inf   next:[8456879,35530326] objective_shaving_max_lp (vars=4962 csts=16250)
#1      14.12s best:10109072 next:[8456879,10109071] quick_restart_no_lp
#Model  14.12s var:4795/4961 constraints:15934/16242
#Model  14.15s var:4165/4961 constraints:14258/16242
#Bound  14.24s best:10109072 next:[8490168,10109071] quick_restart_no_lp
#Bound  14.26s best:10109072 next:[8490173,10109071] objective_lb_search
#Bound  14.26s best:10109072 next:[8663557,10109071] probing
#2      14.26s best:10005302 next:[8663557,10005301] graph_var_lns (d=5.00e-01 s=142 t=0.10 p=0.00 stall=0 h=base)
#Model  14.27s var:3798/4961 constraints:13611/16242
#Model  14.28s var:3797/4961 constraints:13611/16242
#Model  14.29s var:3793/4961 constraints:13611/16242
#Bound  14.30s best:10005302 next:[8663558,10005301] probing
#Bound  14.31s best:10005302 next:[8720435,10005301] probing
#Model  14.31s var:3791/4961 constraints:13611/16242
#Model  14.32s var:3769/4961 constraints:13580/16242
#3      14.34s best:9621297 next:[8720435,9621296] graph_arc_lns (d=5.00e-01 s=143 t=0.10 p=0.00 stall=0 h=base)
#Bound  14.35s best:9621297 next:[8761913,9621296] probing
#Model  14.35s var:3768/4961 constraints:13571/16242
#Model  14.37s var:3744/4961 constraints:13499/16242
#Bound  14.37s best:9621297 next:[8766631,9621296] probing
#Model  14.38s var:2840/4961 constraints:11064/16242
#Model  14.41s var:2838/4961 constraints:11054/16242
#Model  14.44s var:2726/4961 constraints:10815/16242
#Model  14.45s var:2606/4961 constraints:10592/16242
#Bound  14.46s best:9621297 next:[8976460,9621296] probing
#Bound  14.47s best:9621297 next:[9072172,9621296] probing
#Model  14.49s var:2580/4961 constraints:10525/16242
#Model  14.50s var:2567/4961 constraints:10493/16242
#4      14.51s best:9319055 next:[9072172,9319054] lb_relax_lns_int (d=5.00e-01 s=146 t=0.50 p=0.00 stall=0 h=base)
#Model  14.53s var:2327/4961 constraints:10004/16242
#Model  14.56s var:1724/4961 constraints:8833/16242
#Bound  14.60s best:9319055 next:[9086425,9319054] probing
#Model  14.61s var:1635/4961 constraints:8619/16242
#Model  14.65s var:1634/4961 constraints:8601/16242
#Model  14.69s var:1296/4961 constraints:8114/16242
#Model  14.70s var:1290/4961 constraints:8027/16242
#Model  14.71s var:1282/4961 constraints:7998/16242
#Model  14.75s var:1251/4961 constraints:7970/16242
#Model  14.76s var:1242/4961 constraints:7945/16242
#Model  14.77s var:985/4961 constraints:7305/16242
#Model  14.77s var:983/4961 constraints:7302/16242
#Model  14.87s var:834/4961 constraints:7058/16242
#Bound  14.90s best:9319055 next:[9086427,9319054] probing
#5      14.93s best:9223541 next:[9086427,9223540] reduced_costs
#Model  14.93s var:832/4961 constraints:7040/16242
#Model  14.96s var:828/4961 constraints:6951/16242
#Model  14.96s var:596/4961 constraints:6512/16242
#Model  14.97s var:521/4961 constraints:6375/16242
#Model  14.98s var:438/4961 constraints:6090/16242
#Model  14.99s var:373/4961 constraints:5947/16242
#Model  15.00s var:365/4961 constraints:5947/16242
#Model  15.04s var:313/4961 constraints:5796/16242
#Bound  15.05s best:9223541 next:[9086429,9223540] lb_tree_search
#6      15.11s best:9201750 next:[9086429,9201749] graph_dec_lns (d=9.39e-01 s=194 t=0.10 p=1.00 stall=5 h=base)
#7      15.14s best:9086429 next:[]         graph_cst_lns (d=9.56e-01 s=201 t=0.10 p=1.00 stall=6 h=base)
#Done   15.14s lb_tree_search
#Model  15.11s var:102/4961 constraints:4018/16242 compo:97,1,1,1,1,1 [skipped_logs=2]

Task timing                                n [     min,      max]      avg      dev     time         n [     min,      max]      avg      dev    dtime
                           'core':         1 [   4.26s,    4.26s]    4.26s   0.00ns    4.26s         1 [773.79ms, 773.79ms] 773.79ms   0.00ns 773.79ms
                     'default_lp':         1 [   4.26s,    4.26s]    4.26s   0.00ns    4.26s         1 [760.02ms, 760.02ms] 760.02ms   0.00ns 760.02ms
               'feasibility_pump':        20 [  5.40ms, 349.46ms]  38.97ms  82.83ms 779.34ms        19 [  1.62ms, 217.06ms]  23.49ms  63.31ms 446.22ms
                             'fj':        19 [ 44.00ms,  96.64ms]  65.34ms  15.17ms    1.24s        19 [100.15ms, 101.56ms] 100.61ms 427.33us    1.91s
                             'fj':        20 [ 17.10ms, 109.01ms]  67.45ms  23.77ms    1.35s        20 [100.15ms, 101.19ms] 100.65ms 348.40us    2.01s
                             'fj':        20 [ 34.73ms, 102.95ms]  62.67ms  16.43ms    1.25s        20 [100.15ms, 100.94ms] 100.62ms 335.19us    2.01s
                         'fj_lin':        20 [ 30.30ms, 101.54ms]  66.71ms  16.00ms    1.33s        20 [100.14ms, 101.54ms] 100.82ms 329.25us    2.02s
                      'fs_random':         1 [   3.11s,    3.11s]    3.11s   0.00ns    3.11s         1 [537.14ms, 537.14ms] 537.14ms   0.00ns 537.14ms
                'fs_random_no_lp':         1 [   3.07s,    3.07s]    3.07s   0.00ns    3.07s         1 [   1.40s,    1.40s]    1.40s   0.00ns    1.40s
                'fs_random_no_lp':         1 [   3.12s,    3.12s]    3.12s   0.00ns    3.12s         1 [546.43ms, 546.43ms] 546.43ms   0.00ns 546.43ms
        'fs_random_quick_restart':         1 [   3.12s,    3.12s]    3.12s   0.00ns    3.12s         1 [558.11ms, 558.11ms] 558.11ms   0.00ns 558.11ms
  'fs_random_quick_restart_no_lp':         1 [   3.10s,    3.10s]    3.10s   0.00ns    3.10s         1 [570.28ms, 570.28ms] 570.28ms   0.00ns 570.28ms
                  'graph_arc_lns':         3 [173.62ms, 770.43ms] 394.08ms 267.42ms    1.18s         2 [179.12us,   1.57ms] 872.58us 693.46us   1.75ms
                  'graph_cst_lns':         7 [ 69.81ms, 143.07ms] 110.13ms  22.50ms 770.94ms         7 [ 10.00ns, 112.47us]  17.08us  38.99us 119.53us
                  'graph_dec_lns':         7 [ 35.60ms, 163.02ms] 114.13ms  42.74ms 798.92ms         6 [ 10.00ns,  13.56us]   3.92us   4.78us  23.53us
                  'graph_var_lns':         3 [ 65.36ms, 837.57ms] 335.89ms 355.11ms    1.01s         2 [  1.02us,  12.70us]   6.86us   5.84us  13.73us
                   'lb_relax_lns':         3 [187.51ms, 324.92ms] 268.43ms  58.70ms 805.28ms         2 [ 62.53ms,  80.08ms]  71.30ms   8.77ms 142.61ms
                 'lb_tree_search':         1 [   4.09s,    4.09s]    4.09s   0.00ns    4.09s         2 [ 57.18ms,    1.64s] 846.58ms 789.40ms    1.69s
                             'ls':         9 [ 35.45ms, 131.16ms]  82.50ms  30.17ms 742.51ms         9 [ 56.78ms, 100.03ms]  95.21ms  13.59ms 856.87ms
                             'ls':         9 [ 45.61ms, 143.33ms]  74.29ms  28.04ms 668.58ms         9 [100.00ms, 100.53ms] 100.09ms 164.28us 900.77ms
                         'ls_lin':         9 [ 28.40ms, 138.77ms]  86.83ms  34.50ms 781.50ms         9 [ 43.14ms, 100.04ms]  93.69ms  17.87ms 843.24ms
                     'max_lp_sym':         1 [   4.26s,    4.26s]    4.26s   0.00ns    4.26s         1 [635.33ms, 635.33ms] 635.33ms   0.00ns 635.33ms
                          'no_lp':         1 [   4.26s,    4.26s]    4.26s   0.00ns    4.26s         1 [815.51ms, 815.51ms] 815.51ms   0.00ns 815.51ms
            'objective_lb_search':         1 [   4.09s,    4.09s]    4.09s   0.00ns    4.09s         2 [434.16ms,    1.40s] 914.90ms 480.74ms    1.83s
       'objective_shaving_max_lp':         6 [ 90.62ms,    2.45s] 490.75ms 876.87ms    2.94s         2 [204.00ns,  39.23ms]  19.62ms  19.62ms  39.23ms
        'objective_shaving_no_lp':         6 [ 74.38ms,    2.45s] 497.62ms 872.70ms    2.99s         4 [131.00ns,  73.65ms]  18.41ms  31.89ms  73.65ms
                        'probing':         1 [   4.09s,    4.09s]    4.09s   0.00ns    4.09s         2 [168.37ms,    1.41s] 786.74ms 618.37ms    1.57s
                 'probing_max_lp':         1 [   4.26s,    4.26s]    4.26s   0.00ns    4.26s         1 [642.30ms, 642.30ms] 642.30ms   0.00ns 642.30ms
                  'probing_no_lp':         1 [   4.26s,    4.26s]    4.26s   0.00ns    4.26s         1 [749.46ms, 749.46ms] 749.46ms   0.00ns 749.46ms
                   'pseudo_costs':         1 [   4.09s,    4.09s]    4.09s   0.00ns    4.09s         2 [ 33.06ms,    1.40s] 714.41ms 681.35ms    1.43s
                  'quick_restart':         1 [   4.09s,    4.09s]    4.09s   0.00ns    4.09s         2 [279.36ms,    1.40s] 837.50ms 558.14ms    1.68s
            'quick_restart_no_lp':         1 [   4.09s,    4.09s]    4.09s   0.00ns    4.09s         2 [495.72ms,    1.40s] 945.65ms 449.93ms    1.89s
                  'reduced_costs':         1 [   4.09s,    4.09s]    4.09s   0.00ns    4.09s         2 [ 22.84ms,    1.40s] 709.30ms 686.46ms    1.42s
                      'rins/rens':         4 [ 14.79ms, 113.24ms]  56.30ms  39.32ms 225.19ms         3 [ 10.00ns,  10.00ns]  10.00ns   0.00ns  30.00ns
                    'rnd_cst_lns':         7 [ 78.47ms, 150.76ms] 112.33ms  20.98ms 786.31ms         6 [ 10.00ns,   1.25us] 595.33ns 419.88ns   3.57us
                    'rnd_var_lns':         6 [ 73.36ms, 275.98ms] 140.34ms  69.39ms 842.04ms         5 [100.00ns,   1.66us] 725.40ns 534.34ns   3.63us
                    'shared_tree':         1 [   4.26s,    4.26s]    4.26s   0.00ns    4.26s         1 [720.43ms, 720.43ms] 720.43ms   0.00ns 720.43ms
                    'shared_tree':         1 [   4.26s,    4.26s]    4.26s   0.00ns    4.26s         1 [735.92ms, 735.92ms] 735.92ms   0.00ns 735.92ms
                    'shared_tree':         1 [   4.26s,    4.26s]    4.26s   0.00ns    4.26s         1 [743.51ms, 743.51ms] 743.51ms   0.00ns 743.51ms
                    'shared_tree':         1 [   4.26s,    4.26s]    4.26s   0.00ns    4.26s         1 [743.51ms, 743.51ms] 743.51ms   0.00ns 743.51ms
                    'shared_tree':         1 [   4.26s,    4.26s]    4.26s   0.00ns    4.26s         1 [744.10ms, 744.10ms] 744.10ms   0.00ns 744.10ms
                    'shared_tree':         1 [   4.26s,    4.26s]    4.26s   0.00ns    4.26s         1 [744.10ms, 744.10ms] 744.10ms   0.00ns 744.10ms
                    'shared_tree':         1 [   4.26s,    4.26s]    4.26s   0.00ns    4.26s         1 [746.44ms, 746.44ms] 746.44ms   0.00ns 746.44ms
                    'shared_tree':         1 [   4.26s,    4.26s]    4.26s   0.00ns    4.26s         1 [839.63ms, 839.63ms] 839.63ms   0.00ns 839.63ms
              'variables_shaving':         3 [   2.22s,    3.23s]    2.76s 417.10ms    8.29s         3 [ 27.60ms, 109.77ms]  82.35ms  38.72ms 247.05ms

Search stats                        Bools  Conflicts  Branches  Restarts  BacktrackToRoot  Backtrack  BoolPropag  IntegerPropag
                           'core':  4'948          0     2'816         0            2'816      2'816   5'795'988      3'010'139
                     'default_lp':  4'948          0     2'766         0            2'766      2'766   5'683'541      2'951'961
                      'fs_random':  4'948          0     2'008         0            2'008      2'008   4'027'173      2'090'656
                'fs_random_no_lp':  4'948          0     2'044         0            2'044      2'044   4'105'750      2'131'856
                'fs_random_no_lp':  4'948        145     3'515         0            3'515      3'515   7'627'143      3'659'994
        'fs_random_quick_restart':  4'948          0     2'078         0            2'078      2'078   4'181'967      2'170'957
  'fs_random_quick_restart_no_lp':  4'948          0     2'126         0            2'126      2'126   4'284'562      2'223'979
                 'lb_tree_search':  4'948        151     3'942         0            3'643      3'771   7'633'877      7'842'653
                     'max_lp_sym':  4'948          0     2'344         0            2'344      2'344   4'761'809      5'293'789
                          'no_lp':  4'948          0     2'956         0            2'956      2'956   6'103'488      3'168'904
            'objective_lb_search':  4'950        214     4'500         1            3'858      4'364   8'796'121      4'338'232
                        'probing':  5'030        172     3'638         0            3'638      3'638   7'644'511      3'681'936
                 'probing_max_lp':  4'948          0     2'360         0            2'360      2'360   4'796'472      5'332'956
                  'probing_no_lp':  4'948          0     2'726         0            2'726      2'726   5'596'234      2'905'879
                   'pseudo_costs':  4'949        252     4'087         1            3'900      3'963   7'668'679      7'910'551
                  'quick_restart':  4'948        247     6'306         0            5'139      5'657   8'462'470      4'281'404
            'quick_restart_no_lp':  4'982        289     5'977         0            5'018      5'588   8'820'689      4'436'330
                  'reduced_costs':  4'991        183     3'988         1            3'747      3'850   7'649'097      7'877'754
                    'shared_tree':  4'948          0     2'630         0            2'630      2'630   5'390'512      2'798'266
                    'shared_tree':  4'948          0     2'684         0            2'684      2'684   5'505'039      2'858'201
                    'shared_tree':  4'948          0     2'710         0            2'710      2'710   5'561'469      2'887'561
                    'shared_tree':  4'948          0     2'710         0            2'710      2'710   5'561'469      2'887'561
                    'shared_tree':  4'948          0     2'712         0            2'712      2'712   5'565'820      2'889'829
                    'shared_tree':  4'948          0     2'712         0            2'712      2'712   5'565'820      2'889'829
                    'shared_tree':  4'948          0     2'720         0            2'720      2'720   5'583'190      2'898'862
                    'shared_tree':  4'948          0     3'034         0            3'034      3'034   6'272'090      3'256'978

SAT formula                         Fixed  Equiv  Total  VarLeft  BinaryClauses  PermanentClauses  TemporaryClauses
                           'core':     21      0  4'948    4'927         22'230               944                 0
                     'default_lp':     21      0  4'948    4'927         20'788               944                 0
                      'fs_random':     21      0  4'948    4'927         19'740               944                 0
                'fs_random_no_lp':    166      0  4'948    4'782         16'338               944                 0
                'fs_random_no_lp':     21      0  4'948    4'927         21'218               944                 0
        'fs_random_quick_restart':     21      0  4'948    4'927         19'884               944                 0
  'fs_random_quick_restart_no_lp':     21      0  4'948    4'927         21'334               944                 0
                 'lb_tree_search':  4'908      4  4'948       36             92                 2                 0
                     'max_lp_sym':     21      0  4'948    4'927         20'254               944                 0
                          'no_lp':     21      0  4'948    4'927         22'370               944                 0
            'objective_lb_search':  1'522     22  4'950    3'406         15'570               626                 0
                        'probing':  3'863      0  5'030    1'167         20'130               943                 0
                 'probing_max_lp':     21      0  4'948    4'927         19'032               944                 0
                  'probing_no_lp':     21      0  4'948    4'927         20'874               944                 0
                   'pseudo_costs':  4'780     36  4'949      133            602                11                 0
                  'quick_restart':  3'028     30  4'948    1'890          7'592               284                 0
            'quick_restart_no_lp':  2'499     25  4'982    2'458         13'344               419                 0
                  'reduced_costs':  4'757     29  4'991      205            924                 7                 0
                    'shared_tree':     21      0  4'948    4'927         20'718               944                 0
                    'shared_tree':     21      0  4'948    4'927         20'780               944                 0
                    'shared_tree':     21      0  4'948    4'927         20'780               944                 0
                    'shared_tree':     21      0  4'948    4'927         20'780               944                 0
                    'shared_tree':     21      0  4'948    4'927         20'780               944                 0
                    'shared_tree':     21      0  4'948    4'927         20'780               944                 0
                    'shared_tree':     21      0  4'948    4'927         20'782               944                 0
                    'shared_tree':     21      0  4'948    4'927         21'012               944                 0

SAT stats                           ClassicMinim  LitRemoved  LitRemovedBinary  LitLearned  LitForgotten  Subsumed
                           'core':             0           0                 0           0             0         0
                     'default_lp':             0           0                 0           0             0         0
                      'fs_random':             0           0                 0           0             0         0
                'fs_random_no_lp':             0           0                 0           0             0         0
                'fs_random_no_lp':             0           0                 0         145             0         0
        'fs_random_quick_restart':             0           0                 0           0             0         0
  'fs_random_quick_restart_no_lp':             0           0                 0           0             0         0
                 'lb_tree_search':             0           0                 5         153             0         2
                     'max_lp_sym':             0           0                 0           0             0         0
                          'no_lp':             0           0                 0           0             0         0
            'objective_lb_search':             0           0             5'224         309             0         0
                        'probing':             0           0                 0         172             0         1
                 'probing_max_lp':             0           0                 0           0             0         0
                  'probing_no_lp':             0           0                 0           0             0         0
                   'pseudo_costs':             0           0               229         257             0         1
                  'quick_restart':             0           0             2'456         297             0         0
            'quick_restart_no_lp':             3         138             1'704         730             0         8
                  'reduced_costs':             3          41                55         375             0         0
                    'shared_tree':             0           0                 0           0             0         0
                    'shared_tree':             0           0                 0           0             0         0
                    'shared_tree':             0           0                 0           0             0         0
                    'shared_tree':             0           0                 0           0             0         0
                    'shared_tree':             0           0                 0           0             0         0
                    'shared_tree':             0           0                 0           0             0         0
                    'shared_tree':             0           0                 0           0             0         0
                    'shared_tree':             0           0                 0           0             0         0

Vivification                        Clauses  Decisions  LitTrue  Subsumed  LitRemoved  DecisionReused  Conflicts
                           'core':        0          0        0         0           0               0          0
                     'default_lp':        0          0        0         0           0               0          0
                      'fs_random':        0          0        0         0           0               0          0
                'fs_random_no_lp':        0          0        0         0           0               0          0
                'fs_random_no_lp':        0          0        0         0           0               0          0
        'fs_random_quick_restart':        0          0        0         0           0               0          0
  'fs_random_quick_restart_no_lp':        0          0        0         0           0               0          0
                 'lb_tree_search':       17        137        0         0           0               0          0
                     'max_lp_sym':        0          0        0         0           0               0          0
                          'no_lp':        0          0        0         0           0               0          0
            'objective_lb_search':        0          0        0         0           0               0          0
                        'probing':        0          0        0         0           0               0          0
                 'probing_max_lp':        0          0        0         0           0               0          0
                  'probing_no_lp':        0          0        0         0           0               0          0
                   'pseudo_costs':        0          0        0         0           0               0          0
                  'quick_restart':        0          0        0         0           0               0          0
            'quick_restart_no_lp':        0          0        0         0           0               0          0
                  'reduced_costs':        0          0        0         0           0               0          0
                    'shared_tree':        0          0        0         0           0               0          0
                    'shared_tree':        0          0        0         0           0               0          0
                    'shared_tree':        0          0        0         0           0               0          0
                    'shared_tree':        0          0        0         0           0               0          0
                    'shared_tree':        0          0        0         0           0               0          0
                    'shared_tree':        0          0        0         0           0               0          0
                    'shared_tree':        0          0        0         0           0               0          0
                    'shared_tree':        0          0        0         0           0               0          0

Clause deletion                     at_true  l_and_not(l)  to_binary  sub_conflict  sub_extra  sub_decisions  sub_eager  sub_vivify  sub_probing  sub_inpro  blocked  eliminated  forgotten  promoted  conflicts
                           'core':        0             0          0             0          0              0          0           0            0          0        0           0          0         0          0
                     'default_lp':        0             0          0             0          0              0          0           0            0          0        0           0          0         0          0
                      'fs_random':        0             0          0             0          0              0          0           0            0          0        0           0          0         0          0
                'fs_random_no_lp':        0             0          0             0          0              0          0           0            0          0        0           0          0         0          0
                'fs_random_no_lp':        0             0          0             0          0              0          0           0            0          0        0           0          0         0        145
        'fs_random_quick_restart':        0             0          0             0          0              0          0           0            0          0        0           0          0         0          0
  'fs_random_quick_restart_no_lp':        0             0          0             0          0              0          0           0            0          0        0           0          0         0          0
                 'lb_tree_search':      576           360          4             2          0              0          0           0            0          0        0           0          0         0        151
                     'max_lp_sym':        0             0          0             0          0              0          0           0            0          0        0           0          0         0          0
                          'no_lp':        0             0          0             0          0              0          0           0            0          0        0           0          0         0          0
            'objective_lb_search':      147           165         11             0          0              0          0           0            2          0        0           0          0         0        214
                        'probing':        0             0          0             1          0              0          0           0            0          0        0           0          0         0        172
                 'probing_max_lp':        0             0          0             0          0              0          0           0            0          0        0           0          0         0          0
                  'probing_no_lp':        0             0          0             0          0              0          0           0            0          0        0           0          0         0          0
                   'pseudo_costs':      548           345          9             1          0              0          0           0           25          3        0           0          0         0        252
                  'quick_restart':      340           297          6             0          0              0          0           0           19          0        0           0          0         0        247
            'quick_restart_no_lp':      296           192         23             7          0              0          1           0           15          0        0           0          0         4        289
                  'reduced_costs':      566           341         13             0          0              0          0           0           10          5        0           0          0         0        183
                    'shared_tree':        0             0          0             0          0              0          0           0            0          0        0           0          0         0          0
                    'shared_tree':        0             0          0             0          0              0          0           0            0          0        0           0          0         0          0
                    'shared_tree':        0             0          0             0          0              0          0           0            0          0        0           0          0         0          0
                    'shared_tree':        0             0          0             0          0              0          0           0            0          0        0           0          0         0          0
                    'shared_tree':        0             0          0             0          0              0          0           0            0          0        0           0          0         0          0
                    'shared_tree':        0             0          0             0          0              0          0           0            0          0        0           0          0         0          0
                    'shared_tree':        0             0          0             0          0              0          0           0            0          0        0           0          0         0          0
                    'shared_tree':        0             0          0             0          0              0          0           0            0          0        0           0          0         0          0

Lp stats                      Component  Iterations  AddedCuts  OPTIMAL  DUAL_F.  DUAL_U.
               'default_lp':          1           0          0        0        0        0
                'fs_random':          1           0          0        0        0        0
  'fs_random_quick_restart':          1           0          0        0        0        0
           'lb_tree_search':          1         783          3       18        1        0
               'max_lp_sym':          1           0          0        0        0        0
      'objective_lb_search':          1          23         34        6        0        0
                  'probing':          1       4'311        751      206        0       10
           'probing_max_lp':          1           0          0        0        0        0
             'pseudo_costs':          1         155        152       14        4        0
            'quick_restart':          1          28         48        6        0        0
            'reduced_costs':          1         291        196       28        9        1
              'shared_tree':          1           0          0        0        0        0
              'shared_tree':          1           0          0        0        0        0
              'shared_tree':          1           0          0        0        0        0
              'shared_tree':          1           0          0        0        0        0
              'shared_tree':          1           0          0        0        0        0
              'shared_tree':          1           0          0        0        0        0
              'shared_tree':          1           0          0        0        0        0
              'shared_tree':          1           0          0        0        0        0

Lp dimension                        Final dimension of first component
               'default_lp':           0 rows, 2041 columns, 0 entries
                'fs_random':           0 rows, 2041 columns, 0 entries
  'fs_random_quick_restart':           0 rows, 2041 columns, 0 entries
           'lb_tree_search':    3861 rows, 5142 columns, 11612 entries
               'max_lp_sym':  14576 rows, 5142 columns, 101780 entries
      'objective_lb_search':         34 rows, 2041 columns, 98 entries
                  'probing':      428 rows, 2041 columns, 7599 entries
           'probing_max_lp':  14576 rows, 5142 columns, 101780 entries
             'pseudo_costs':      144 rows, 5142 columns, 1633 entries
            'quick_restart':        38 rows, 2041 columns, 110 entries
            'reduced_costs':      157 rows, 5142 columns, 5366 entries
              'shared_tree':           0 rows, 2041 columns, 0 entries
              'shared_tree':           0 rows, 2041 columns, 0 entries
              'shared_tree':           0 rows, 2041 columns, 0 entries
              'shared_tree':           0 rows, 2041 columns, 0 entries
              'shared_tree':           0 rows, 2041 columns, 0 entries
              'shared_tree':           0 rows, 2041 columns, 0 entries
              'shared_tree':           0 rows, 2041 columns, 0 entries
              'shared_tree':           0 rows, 2041 columns, 0 entries

Lp debug                      CutPropag  CutEqPropag  Adjust  Overflow    Bad  BadScaling
               'default_lp':          0            0       0         0      0           0
                'fs_random':          0            0       0         0      0           0
  'fs_random_quick_restart':          0            0       0         0      0           0
           'lb_tree_search':         23            5      13         0    411           0
               'max_lp_sym':          0            0       0         0      0           0
      'objective_lb_search':          0            0       0         0     90           0
                  'probing':         70            0     197         0  5'748           0
           'probing_max_lp':          0            0       0         0      0           0
             'pseudo_costs':          1            0       1         0     93           0
            'quick_restart':          0            0       0         0     53           0
            'reduced_costs':          2            0       6         0    181           0
              'shared_tree':          0            0       0         0      0           0
              'shared_tree':          0            0       0         0      0           0
              'shared_tree':          0            0       0         0      0           0
              'shared_tree':          0            0       0         0      0           0
              'shared_tree':          0            0       0         0      0           0
              'shared_tree':          0            0       0         0      0           0
              'shared_tree':          0            0       0         0      0           0
              'shared_tree':          0            0       0         0      0           0

Lp pool                       Constraints  Updates  Simplif  Merged  Shortened  Split  Strengthened  Cuts/Call
               'default_lp':        5'818        0        0       0         13      7             0        0/0
                'fs_random':        5'818        0        0       0         13      7             0        0/0
  'fs_random_quick_restart':        5'818        0        0       0         13      7             0        0/0
           'lb_tree_search':       14'412       55   71'897       0     10'040     76           117      3/166
               'max_lp_sym':       14'577        0        0       0         14      7             8        0/0
      'objective_lb_search':        5'852        0      148       0        136     24             0      34/82
                  'probing':        6'558       29   18'294      11      2'273    265         1'461  751/3'335
           'probing_max_lp':       14'577        0        0       0         14      7             8        0/0
             'pseudo_costs':       14'561        0   15'887       0      7'553     25         1'405    152/410
            'quick_restart':        5'860        4      229       6        207     25             9      48/76
            'reduced_costs':       14'605        0   16'396       0      7'957     26         1'484    196/497
              'shared_tree':        5'818        0        0       0         13      7             0        0/0
              'shared_tree':        5'818        0        0       0         13      7             0        0/0
              'shared_tree':        5'818        0        0       0         13      7             0        0/0
              'shared_tree':        5'818        0        0       0         13      7             0        0/0
              'shared_tree':        5'818        0        0       0         13      7             0        0/0
              'shared_tree':        5'818        0        0       0         13      7             0        0/0
              'shared_tree':        5'818        0        0       0         13      7             0        0/0
              'shared_tree':        5'818        0        0       0         13      7             0        0/0

Lp Cut           quick_restart  reduced_costs  pseudo_costs  lb_tree_search  probing  objective_lb_search
         CG_FF:              -              -             9               -       20                    -
          CG_K:              -              -             3               -        9                    -
         CG_KL:              -              -             -               -        2                    -
          CG_R:              -              -             4               -        2                    -
         CG_RB:              -              -             2               -       20                    -
        CG_RBP:              -              -             1               -       12                    -
        Clique:              -              4             9               -        -                    -
            IB:             46            165           100               2      512                   32
      MIR_1_FF:              -              3             9               -       14                    -
       MIR_1_K:              -              -             1               -        2                    -
      MIR_1_KL:              -              2             3               -        4                    -
       MIR_1_R:              2              5             6               1       10                    2
      MIR_1_RB:              -              1             -               -        3                    -
     MIR_1_RBP:              -              -             -               -        1                    -
     MIR_1_RLT:              -              -             4               -        -                    -
      MIR_2_FF:              -              -             1               -        5                    -
       MIR_2_K:              -              -             -               -        3                    -
      MIR_2_KL:              -              -             -               -        6                    -
       MIR_2_R:              -              -             -               -        1                    -
      MIR_2_RB:              -              1             -               -        5                    -
     MIR_2_RBP:              -              -             -               -        5                    -
      MIR_3_FF:              -              1             -               -        1                    -
       MIR_3_K:              -              1             -               -        3                    -
      MIR_3_KL:              -              1             -               -        7                    -
       MIR_3_R:              -              -             -               -        1                    -
      MIR_3_RB:              -              2             -               -        9                    -
     MIR_3_RBP:              -              1             -               -        8                    -
      MIR_4_FF:              -              -             -               -        4                    -
       MIR_4_K:              -              1             -               -        5                    -
      MIR_4_KL:              -              1             -               -        9                    -
       MIR_4_R:              -              -             -               -        4                    -
      MIR_4_RB:              -              2             -               -       13                    -
     MIR_4_RBP:              -              1             -               -       10                    -
      MIR_5_FF:              -              1             -               -        1                    -
       MIR_5_K:              -              -             -               -        3                    -
      MIR_5_KL:              -              1             -               -        5                    -
       MIR_5_R:              -              1             -               -        5                    -
      MIR_5_RB:              -              1             -               -        1                    -
     MIR_5_RBP:              -              -             -               -        2                    -
      MIR_6_FF:              -              -             -               -        3                    -
       MIR_6_K:              -              -             -               -        3                    -
      MIR_6_KL:              -              -             -               -        5                    -
       MIR_6_R:              -              -             -               -        3                    -
      MIR_6_RB:              -              -             -               -        4                    -
     MIR_6_RBP:              -              -             -               -        3                    -
  ZERO_HALF_FF:              -              -             -               -        1                    -
  ZERO_HALF_RB:              -              -             -               -        2                    -

LNS stats           Improv/Calls  Closed  Difficulty  TimeLimit
  'graph_arc_lns':           1/2    100%    8.14e-01       0.10
  'graph_cst_lns':           1/7    100%    9.67e-01       0.10
  'graph_dec_lns':           1/6    100%    9.56e-01       0.10
  'graph_var_lns':           1/2    100%    8.14e-01       0.10
   'lb_relax_lns':           1/2    100%    8.14e-01       0.50
      'rins/rens':           0/3    100%    8.76e-01       0.10
    'rnd_cst_lns':           0/6    100%    9.56e-01       0.10
    'rnd_var_lns':           0/5    100%    9.39e-01       0.10

LS stats                                        Batches  Restarts/Perturbs  LinMoves  GenMoves  CompoundMoves  Bactracks  WeightUpdates  ScoreComputed
                'fj_lin_restart_compound_obj':        2                  1         0     6'611          1'050      2'780            122        511'645
            'fj_lin_restart_compound_perturb':        1                  1         0     5'281          1'136      2'071             95        134'193
        'fj_lin_restart_compound_perturb_obj':        1                  1         0     1'670          1'670          0              0         22'758
                       'fj_lin_restart_decay':        1                  1     9'600         0              0          0            282         97'517
              'fj_lin_restart_decay_compound':        2                  2         0     9'912          2'224      3'840            134        580'652
  'fj_lin_restart_decay_compound_perturb_obj':        2                  1         0    18'305         12'745      2'772            115        478'458
               'fj_lin_restart_decay_perturb':        5                  4    19'545         0              0          0          1'456        210'530
           'fj_lin_restart_decay_perturb_obj':        4                  3    39'265         0              0          0          2'234        505'401
                 'fj_lin_restart_perturb_obj':        2                  2     5'152         0              0          0            817         77'265
                                 'fj_restart':        3                  3    10'291         0              0          0          1'649        141'275
                        'fj_restart_compound':        1                  1         0     4'387            921      1'733             82        308'561
                    'fj_restart_compound_obj':        1                  1         0     4'957          1'443      1'757             50        301'385
                'fj_restart_compound_perturb':        4                  3         0    20'925         11'273      4'825            305        498'435
            'fj_restart_compound_perturb_obj':        5                  2         0    15'942          2'502      6'719            335        816'804
                           'fj_restart_decay':        3                  2     7'019         0              0          0            912         73'780
                  'fj_restart_decay_compound':        8                  2         0    25'398          4'980     10'208            347      1'410'387
              'fj_restart_decay_compound_obj':        6                  2         0    21'709          4'343      8'679            317      1'239'170
          'fj_restart_decay_compound_perturb':        2                  2         0    18'768         11'698      3'535            111        382'769
      'fj_restart_decay_compound_perturb_obj':        3                  2         0    12'992          5'760      3'614            152        597'622
                       'fj_restart_decay_obj':        2                  1    23'875         0              0          0            409        261'203
                   'fj_restart_decay_perturb':        2                  1     5'176         0              0          0            537         65'280
               'fj_restart_decay_perturb_obj':        2                  2    10'482         0              0          0            698        117'005
                             'fj_restart_obj':        9                  5    21'048         0              0          0          6'492        315'136
                         'fj_restart_perturb':        8                  5    13'443         0              0          0          2'071        174'459
                             'ls_lin_restart':        1                  1     5'889         0              0          0          3'595        144'668
                    'ls_lin_restart_compound':        1                  1         0     2'262            204      1'029            152         18'534
              'ls_lin_restart_decay_compound':        2                  2         0   153'814         24'955     64'429         15'220        901'958
      'ls_lin_restart_decay_compound_perturb':        2                  2         0   119'859         19'347     50'256         11'790      1'033'207
               'ls_lin_restart_decay_perturb':        2                  2     7'805         0              0          0          4'055         80'772
                     'ls_lin_restart_perturb':        1                  1     5'826         0              0          0          3'493        128'233
                                 'ls_restart':        1                  1     5'825         0              0          0          3'493        128'579
                        'ls_restart_compound':        1                  1         0    40'204          3'137     18'533          3'594        455'827
                'ls_restart_compound_perturb':        3                  3         0   148'139         11'583     68'276         13'366        883'190
                           'ls_restart_decay':        3                  3    72'785         0              0          0         78'013        556'786
                  'ls_restart_decay_compound':        2                  2         0    61'657          9'752     25'952          5'868        526'725
                   'ls_restart_decay_perturb':        5                  5    88'804         0              0          0         84'183        787'949
                         'ls_restart_perturb':        3                  3    18'146         0              0          0         10'984        453'888

Solutions (7)             Num   Rank
        'graph_arc_lns':    2  [2,3]
        'graph_cst_lns':    2  [6,7]
        'graph_dec_lns':    2  [5,6]
        'graph_var_lns':    2  [1,2]
     'lb_relax_lns_int':    2  [3,4]
  'quick_restart_no_lp':    2  [0,1]
        'reduced_costs':    2  [4,5]

Objective bounds               Num
            'initial_domain':    1
            'lb_tree_search':    1
       'objective_lb_search':    1
  'objective_shaving_max_lp':    4
   'objective_shaving_no_lp':    2
                   'probing':    9
       'quick_restart_no_lp':    1

Solution repositories    Added  Queried  Synchro
    'alternative_path':      1        0        1
      'best_solutions':     55       70       37
   'fj solution hints':     34        0       34
        'lp solutions':      1        4        1
                'pump':      0        0

Improving bounds shared      Num  Sym
        'lb_tree_search':    323    0
   'objective_lb_search':      5    0
               'probing':  1'283    1
          'pseudo_costs':    892    1
         'quick_restart':    931    0
   'quick_restart_no_lp':  1'842    0
         'reduced_costs':     33    0

Clauses shared                      #Exported  #Imported  #BinaryRead  #BinaryTotal
                           'core':          0          0            0         5'055
                     'default_lp':          0          0            0         5'055
                      'fs_random':          0          0            0         5'055
                'fs_random_no_lp':          0          0            0         5'055
                'fs_random_no_lp':          0          0            0         5'055
        'fs_random_quick_restart':          0          0            0         5'055
  'fs_random_quick_restart_no_lp':          0          0            0         5'055
                 'lb_tree_search':         13          0        5'028         5'055
                     'max_lp_sym':          0          0            0         5'055
                          'no_lp':          0          0            0         5'055
            'objective_lb_search':      1'838          0          219         5'055
                        'probing':          0          0          213         5'055
                 'probing_max_lp':          0          0            0         5'055
                  'probing_no_lp':          0          0            0         5'055
                   'pseudo_costs':        146          0        3'960         5'055
                  'quick_restart':      1'128          0          377         5'055
            'quick_restart_no_lp':      1'859          0          390         5'055
                  'reduced_costs':         71          0        4'365         5'055
                    'shared_tree':          0          0            0         5'055
                    'shared_tree':          0          0            0         5'055
                    'shared_tree':          0          0            0         5'055
                    'shared_tree':          0          0            0         5'055
                    'shared_tree':          0          0            0         5'055
                    'shared_tree':          0          0            0         5'055
                    'shared_tree':          0          0            0         5'055
                    'shared_tree':          0          0            0         5'055

LRAT_status: NA
CpSolverResponse summary:
status: OPTIMAL
objective: 9086429
best_bound: 9086429
integers: 2445
booleans: 4948
conflicts: 145
branches: 3515
propagations: 7627143
integer_propagations: 3659994
restarts: 0
lp_iterations: 0
walltime: 15.915
usertime: 15.915
deterministic_time: 40.8839
gap_integral: 370.684
solution_fingerprint: 0xef05b681612e39ba

params='log_search_progress:true' -> Optimal objective=9086429 bound=9086429 wall=16,2s
