pinned supply_dim_3_8 == 1

Starting CP-SAT solver v9.15.6755
Parameters: log_search_progress: true
Setting number of workers to 32
Setting number of shared tree workers to 8

Initial optimization model '': (model_fingerprint: 0x4e4c29a37d17e9f0)
#Variables: 90'770 (#ints: 1 in objective) (66'979 primary variables)
  - 90'629 Booleans in [0,1]
  - 2 in [-100000,100000]
  - 6 in [0,10000]
  - 10 in [0,100000]
  - 47 in [0,10000000]
  - 16 in [0,100000000]
  - 24 in [0,1000000000]
  - 36 in [0,10000000000]
#kLinear1: 39'451 (#enforced: 17'916)
#kLinear2: 38'738 (#enforced: 23'190)
#kLinear3: 6'230
#kLinearN: 2'123 (#terms: 218'581)

Starting presolve at 0.18s
  1.22e-02s  0.00e+00d  [DetectDominanceRelations] 
  1.23e-02s  0.00e+00d  [DetectDominanceRelations] 
  2.38e-01s  0.00e+00d  [operations_research::sat::CpModelPresolver::PresolveToFixPoint] #num_loops=13 #num_dual_strengthening=3 
  1.81e-03s  0.00e+00d  [operations_research::sat::CpModelPresolver::ExtractEncodingFromLinear] #potential_supersets=148 #potential_subsets=3 #exo_encodings=1 #unique_terms=5 #literals=5 
  1.77e-03s  0.00e+00d  [operations_research::sat::CpModelPresolver::DetectDuplicateColumns] 
  1.29e-03s  0.00e+00d  [operations_research::sat::CpModelPresolver::DetectDuplicateConstraints] #duplicates=646 
[Symmetry] Graph for symmetry has 120'844 nodes and 49'397 arcs.
[Symmetry] Symmetry computation done. time: 0.0065845 dtime: 0.00917138
[Symmetry] #generators: 1, average support size: 2
[Symmetry] 1 orbits on 2 variables with sizes: 2
[SAT presolve] num removable Booleans: 0 / 1'324
[SAT presolve] num trivial clauses: 0
[SAT presolve] [0s] clauses:100 literals:201 vars:104 one_side_vars:100 simple_definition:3 singleton_clauses:0
[SAT presolve] [2.5e-05s] clauses:100 literals:201 vars:104 one_side_vars:100 simple_definition:3 singleton_clauses:0
[SAT presolve] [6.96e-05s] clauses:100 literals:201 vars:104 one_side_vars:100 simple_definition:3 singleton_clauses:0
  1.47e-03s  0.00e+00d  [operations_research::sat::CpModelPresolver::DetectDuplicateConstraintsWithDifferentEnforcements] #without_enforcements=978 
  2.71e-01s  1.12e-01d  [operations_research::sat::CpModelPresolver::Probe] #probed=1'782 #fixed_bools=435 #new_bounds=61 #equiv=7 #new_binary_clauses=1'885 
  1.44e-03s  1.26e-03d  [MaxClique] Merged 104 constraints with 466 literals into 11 constraints with 216 literals
  1.24e-02s  0.00e+00d  [DetectDominanceRelations] 
  1.23e-02s  0.00e+00d  [DetectDominanceRelations] 
  8.26e-02s  0.00e+00d  [operations_research::sat::CpModelPresolver::PresolveToFixPoint] #num_loops=6 #num_dual_strengthening=4 
  5.80e-03s  0.00e+00d  [operations_research::sat::CpModelPresolver::ProcessAtMostOneAndLinear] #num_changes=4 
  1.09e-03s  0.00e+00d  [operations_research::sat::CpModelPresolver::DetectDuplicateConstraints] #duplicates=3 
  1.31e-03s  0.00e+00d  [operations_research::sat::CpModelPresolver::DetectDuplicateConstraintsWithDifferentEnforcements] #without_enforcements=665 
  4.23e-01s  1.22e-02d  [operations_research::sat::CpModelPresolver::DetectDominatedLinearConstraints] #relevant_constraints=5'510 #num_inclusions=1'176'459 #num_redundant=2'817 
  1.02e-03s  0.00e+00d  [operations_research::sat::CpModelPresolver::DetectDifferentVariables] 
  3.60e-03s  9.45e-06d  [operations_research::sat::CpModelPresolver::ProcessSetPPC] #relevant_constraints=182 #num_inclusions=46 
  1.17e-02s  0.00e+00d  [operations_research::sat::CpModelPresolver::TransformClausesToExactlyOne] #num_amos=6 
  1.35e-03s  0.00e+00d  [operations_research::sat::CpModelPresolver::DetectEncodedComplexDomains] 
  8.92e-04s  0.00e+00d  [operations_research::sat::CpModelPresolver::FindAlmostIdenticalLinearConstraints] 
  1.73e-03s  8.06e-04d  [operations_research::sat::CpModelPresolver::FindBigAtMostOneAndLinearOverlap] 
  3.46e-03s  6.25e-04d  [operations_research::sat::CpModelPresolver::FindBigVerticalLinearOverlap] #blocks=1 #saved_nz=44 
  8.84e-04s  5.03e-06d  [operations_research::sat::CpModelPresolver::FindBigHorizontalLinearOverlap] #linears=38 
  9.09e-04s  0.00e+00d  [operations_research::sat::CpModelPresolver::MergeClauses] 
  8.99e-03s  0.00e+00d  [DetectDominanceRelations] 
  7.41e-02s  0.00e+00d  [operations_research::sat::CpModelPresolver::PresolveToFixPoint] #num_loops=22 #num_dual_strengthening=15 
  7.89e-03s  0.00e+00d  [DetectDominanceRelations] 
  1.33e-02s  0.00e+00d  [operations_research::sat::CpModelPresolver::PresolveToFixPoint] #num_loops=1 #num_dual_strengthening=1 
  1.35e-03s  0.00e+00d  [operations_research::sat::CpModelPresolver::DetectDuplicateColumns] 
  6.04e-04s  0.00e+00d  [operations_research::sat::CpModelPresolver::DetectDuplicateConstraints] 
[Symmetry] Graph for symmetry has 92'191 nodes and 3'379 arcs.
[Symmetry] Symmetry computation done. time: 0.0044921 dtime: 0.0058633
[Symmetry] #generators: 20, average support size: 4.8
[Symmetry] 47 orbits on 95 variables with sizes: 3,2,2,2,2,2,2,2,2,2,...
[Symmetry] Found orbitope of size 3 x 2
[SAT presolve] num removable Booleans: 0 / 718
[SAT presolve] num trivial clauses: 0
[SAT presolve] [0s] clauses:8 literals:24 vars:6 one_side_vars:0 simple_definition:6 singleton_clauses:0
[SAT presolve] [2.07e-05s] clauses:6 literals:12 vars:6 one_side_vars:6 simple_definition:0 singleton_clauses:0
[SAT presolve] [4.43e-05s] clauses:6 literals:12 vars:6 one_side_vars:6 simple_definition:0 singleton_clauses:0
  9.43e-04s  0.00e+00d  [operations_research::sat::CpModelPresolver::DetectDuplicateConstraintsWithDifferentEnforcements] #without_enforcements=209 
  5.45e-02s  2.41e-02d  [operations_research::sat::CpModelPresolver::Probe] #probed=977 #fixed_bools=68 #new_bounds=5 #equiv=18 #new_binary_clauses=1'172 
  1.65e-03s  3.47e-04d  [MaxClique] Merged 14 constraints with 124 literals into 9 constraints with 115 literals
  8.65e-03s  0.00e+00d  [DetectDominanceRelations] 
  1.48e-02s  0.00e+00d  [operations_research::sat::CpModelPresolver::PresolveToFixPoint] #num_loops=2 #num_dual_strengthening=1 
  4.01e-03s  0.00e+00d  [operations_research::sat::CpModelPresolver::ProcessAtMostOneAndLinear] 
  1.14e-03s  0.00e+00d  [operations_research::sat::CpModelPresolver::DetectDuplicateConstraints] #duplicates=10 
  5.57e-04s  0.00e+00d  [operations_research::sat::CpModelPresolver::DetectDuplicateConstraintsWithDifferentEnforcements] #without_enforcements=132 
  1.56e-03s  3.29e-06d  [operations_research::sat::CpModelPresolver::DetectDominatedLinearConstraints] #relevant_constraints=51 
  5.11e-04s  0.00e+00d  [operations_research::sat::CpModelPresolver::DetectDifferentVariables] 
  3.26e-03s  4.18e-06d  [operations_research::sat::CpModelPresolver::ProcessSetPPC] #relevant_constraints=130 #num_inclusions=7 
  8.73e-03s  0.00e+00d  [operations_research::sat::CpModelPresolver::TransformClausesToExactlyOne] #num_amos=6 
  8.90e-04s  0.00e+00d  [operations_research::sat::CpModelPresolver::DetectEncodedComplexDomains] 
  1.16e-03s  0.00e+00d  [operations_research::sat::CpModelPresolver::FindAlmostIdenticalLinearConstraints] 
  1.52e-03s  7.13e-04d  [operations_research::sat::CpModelPresolver::FindBigAtMostOneAndLinearOverlap] 
  1.44e-03s  2.49e-04d  [operations_research::sat::CpModelPresolver::FindBigVerticalLinearOverlap] 
  7.59e-04s  4.65e-06d  [operations_research::sat::CpModelPresolver::FindBigHorizontalLinearOverlap] #linears=32 
  1.23e-03s  0.00e+00d  [operations_research::sat::CpModelPresolver::MergeClauses] 
  8.83e-03s  0.00e+00d  [DetectDominanceRelations] 
  1.40e-02s  0.00e+00d  [operations_research::sat::CpModelPresolver::PresolveToFixPoint] #num_loops=1 #num_dual_strengthening=1 
  8.47e-03s  0.00e+00d  [DetectDominanceRelations] 
  1.34e-02s  0.00e+00d  [operations_research::sat::CpModelPresolver::PresolveToFixPoint] #num_loops=1 #num_dual_strengthening=1 
  1.37e-03s  0.00e+00d  [operations_research::sat::CpModelPresolver::DetectDuplicateColumns] 
  5.10e-04s  0.00e+00d  [operations_research::sat::CpModelPresolver::DetectDuplicateConstraints] 
[Symmetry] Graph for symmetry has 92'044 nodes and 2'990 arcs.
[Symmetry] Symmetry computation done. time: 0.0046393 dtime: 0.00578139
[Symmetry] #generators: 12, average support size: 4.16667
[Symmetry] 24 orbits on 49 variables with sizes: 3,2,2,2,2,2,2,2,2,2,...
[Symmetry] Found orbitope of size 3 x 2
  8.27e-04s  0.00e+00d  [operations_research::sat::CpModelPresolver::DetectDuplicateConstraintsWithDifferentEnforcements] #without_enforcements=132 
  4.80e-02s  1.96e-02d  [operations_research::sat::CpModelPresolver::Probe] #probed=950 #new_binary_clauses=1'123 
  9.61e-04s  3.18e-04d  [MaxClique] 
  8.37e-03s  0.00e+00d  [DetectDominanceRelations] 
  1.33e-02s  0.00e+00d  [operations_research::sat::CpModelPresolver::PresolveToFixPoint] #num_loops=1 #num_dual_strengthening=1 
  3.13e-03s  0.00e+00d  [operations_research::sat::CpModelPresolver::ProcessAtMostOneAndLinear] 
  2.76e-04s  0.00e+00d  [operations_research::sat::CpModelPresolver::DetectDuplicateConstraints] 
  2.52e-04s  0.00e+00d  [operations_research::sat::CpModelPresolver::DetectDuplicateConstraintsWithDifferentEnforcements] #without_enforcements=132 
  1.15e-03s  3.29e-06d  [operations_research::sat::CpModelPresolver::DetectDominatedLinearConstraints] #relevant_constraints=51 
  2.45e-04s  0.00e+00d  [operations_research::sat::CpModelPresolver::DetectDifferentVariables] 
  2.88e-03s  4.03e-06d  [operations_research::sat::CpModelPresolver::ProcessSetPPC] #relevant_constraints=126 #num_inclusions=1 
  9.76e-03s  0.00e+00d  [operations_research::sat::CpModelPresolver::TransformClausesToExactlyOne] #num_amos=6 
  1.18e-03s  0.00e+00d  [operations_research::sat::CpModelPresolver::DetectEncodedComplexDomains] 
  1.01e-03s  0.00e+00d  [operations_research::sat::CpModelPresolver::FindAlmostIdenticalLinearConstraints] 
  1.48e-03s  6.86e-04d  [operations_research::sat::CpModelPresolver::FindBigAtMostOneAndLinearOverlap] 
  1.41e-03s  2.49e-04d  [operations_research::sat::CpModelPresolver::FindBigVerticalLinearOverlap] 
  6.64e-04s  4.65e-06d  [operations_research::sat::CpModelPresolver::FindBigHorizontalLinearOverlap] #linears=32 
  1.07e-03s  0.00e+00d  [operations_research::sat::CpModelPresolver::MergeClauses] 
  7.76e-03s  0.00e+00d  [DetectDominanceRelations] 
  1.22e-02s  0.00e+00d  [operations_research::sat::CpModelPresolver::PresolveToFixPoint] #num_loops=1 #num_dual_strengthening=1 
  4.06e-04s  0.00e+00d  [MergeNoOverlap] 
  4.71e-04s  0.00e+00d  [MergeNoOverlap2D] 
  2.69e-03s  0.00e+00d  [operations_research::sat::CpModelPresolver::ExpandObjective] #entries=15'287 #tight_variables=602 #tight_constraints=90 #expands=1 

Presolve summary:
  - 225 affine relations were detected.
  - rule 'TODO domination: unexploited dominations' was applied 2 times.
  - rule 'TODO dual: only one blocking constraint?' was applied 9'040 times.
  - rule 'TODO linear2: convert ax + by != cte to clauses for large domains' was applied 8 times.
  - rule 'affine: new relation' was applied 225 times.
  - rule 'at_most_one: removed literals' was applied 8 times.
  - rule 'at_most_one: resolved two constraints with opposite literal' was applied 1 time.
  - rule 'at_most_one: size one' was applied 7 times.
  - rule 'at_most_one: transformed into max clique' was applied 2 times.
  - rule 'at_most_one: x and not(x)' was applied 1 time.
  - rule 'bool_and: non-reified' was applied 551 times.
  - rule 'bool_or: always true' was applied 1 time.
  - rule 'bool_or: implications' was applied 647 times.
  - rule 'bool_or: only one literal' was applied 1'142 times.
  - rule 'bool_or: removed enforcement literal' was applied 2 times.
  - rule 'deductions: 16715 stored' was applied 1 time.
  - rule 'domination: in exactly one' was applied 7 times.
  - rule 'dual: affine relation' was applied 1 time.
  - rule 'dual: fix variable' was applied 12 times.
  - rule 'dual: reduced domain' was applied 73 times.
  - rule 'duplicate: merged rhs of linear constraint' was applied 636 times.
  - rule 'duplicate: removed constraint' was applied 659 times.
  - rule 'duplicate: removed enforced constraint' was applied 1 time.
  - rule 'encoding: extracted from linear' was applied 1 time.
  - rule 'encoding: reduced target domain' was applied 1 time.
  - rule 'enforcement: false literal' was applied 38'556 times.
  - rule 'enforcement: true literal' was applied 554 times.
  - rule 'exactly_one: removed literals' was applied 281 times.
  - rule 'exactly_one: satisfied' was applied 1'209 times.
  - rule 'exactly_one: singleton' was applied 8 times.
  - rule 'exactly_one: size one' was applied 13 times.
  - rule 'exactly_one: size two' was applied 23 times.
  - rule 'exactly_one: x and not(x)' was applied 24 times.
  - rule 'linear + amo: detect hidden AMO' was applied 3 times.
  - rule 'linear + amo: extracted enforcement literal' was applied 17 times.
  - rule 'linear + amo: removed enforcement literal' was applied 14 times.
  - rule 'linear + amo: trivial linear constraint' was applied 2 times.
  - rule 'linear inclusion: redundant containing constraint' was applied 2'657 times.
  - rule 'linear inclusion: redundant included constraint' was applied 160 times.
  - rule 'linear matrix: common vertical rectangle' was applied 1 time.
  - rule 'linear1: always true' was applied 18 times.
  - rule 'linear1: x in domain' was applied 21'602 times.
  - rule 'linear2: contains a boolean' was applied 9 times.
  - rule 'linear2: convert ax + by != cte to clauses' was applied 1'610 times.
  - rule 'linear: all booleans and trivially true' was applied 8 times.
  - rule 'linear: always true' was applied 18'560 times.
  - rule 'linear: coefficient strengthening by increasing it' was applied 12 times.
  - rule 'linear: divide by GCD' was applied 12'816 times.
  - rule 'linear: doubleton free' was applied 1 time.
  - rule 'linear: empty' was applied 767 times.
  - rule 'linear: enforcement literal in expression' was applied 2 times.
  - rule 'linear: extracted at most one (max)' was applied 3 times.
  - rule 'linear: extracted at most one (min)' was applied 2 times.
  - rule 'linear: extracted enforcement literal' was applied 3 times.
  - rule 'linear: fixed or dup variables' was applied 4'582 times.
  - rule 'linear: negative equal one' was applied 1'292 times.
  - rule 'linear: never in domain' was applied 178 times.
  - rule 'linear: positive at most one' was applied 6 times.
  - rule 'linear: positive equal one' was applied 69 times.
  - rule 'linear: reduce rhs with DP' was applied 1 time.
  - rule 'linear: reduced variable domains' was applied 1'035 times.
  - rule 'linear: reduced variable domains in derived constraint' was applied 73 times.
  - rule 'linear: remapped using affine relations' was applied 238 times.
  - rule 'linear: simplified rhs' was applied 6 times.
  - rule 'linear: simplify using approximate gcd' was applied 10 times.
  - rule 'linear: singleton column' was applied 44 times.
  - rule 'linear: small Boolean expression' was applied 2 times.
  - rule 'linear: tightened into equality' was applied 6 times.
  - rule 'linear: variable substitution 0' was applied 8 times.
  - rule 'linear: variable substitution 1' was applied 2 times.
  - rule 'new_bool: integer encoding' was applied 3 times.
  - rule 'new_bool: var with 2 values' was applied 2 times.
  - rule 'objective: expanded via tight equality' was applied 1 time.
  - rule 'presolve: 90221 unused variables removed.' was applied 1 time.
  - rule 'presolve: iteration' was applied 3 times.
  - rule 'setppc: bool_or in at_most_one' was applied 2 times.
  - rule 'setppc: exactly_one included in linear' was applied 43 times.
  - rule 'setppc: reduced linear coefficients' was applied 42 times.
  - rule 'setppc: removed dominated constraints' was applied 3 times.
  - rule 'setppc: removed trivial linear constraint' was applied 1 time.
  - rule 'variables with 2 values: create encoding literal' was applied 2 times.
  - rule 'variables with 2 values: new affine relation' was applied 2 times.
  - rule 'variables: add encoding constraint' was applied 8 times.
  - rule 'variables: canonicalize affine domain' was applied 1 time.
  - rule 'variables: detect fully reified value encoding' was applied 1 time.
  - rule 'variables: detect half reified value encoding' was applied 7 times.
  - rule 'variables: detected fully encoded domain' was applied 3 times.
  - rule 'variables: only used in objective and in encodings' was applied 1 time.
  - rule 'variables: reduce domain to encoded values' was applied 1 time.

Presolved optimization model '': (model_fingerprint: 0xf7bab4bfa8012bac)
#Variables: 427 (#bools: 22 #ints: 9 in objective) (340 primary variables)
  - 379 Booleans in [0,1]
  - 1 in [0][1568030,5392455]
  - 1 in [0,2][1960036,6740570]
  - 1 in [0,6][1568026,6740574]
  - 1 in [0,16540884749422]
  - 1 in [6,10]
  - 1 in [8,12]
  - 1 in [96,6204]
  - 1 in [98,102][198,202]
  - 1 in [98,6202]
  - 2 in [298,302][498,502][698,702][1898,1902]
  - 1 in [659][943][1476][2666]
  - 1 in [1270][1693][2116][2539][2962,2963]
  - 1 in [1496,1504][2096,2104][2596,2604][6196,6204]
  - 1 in [1498,1502][2098,2102][2598,2602][6198,6202]
  - 1 in [2498,4502]
  - 1 in [2498,4702]
  - 1 in [2596,23604]
  - 1 in [2598,23602]
  - 1 in [2631,6486]
  - 1 in [3157,7168]
  - 1 in [5590,36610]
  - 1 in [7194,14493]
  - 1 in [11896,11904][12096,25804]
  - 1 in [11898,11902][12098,25802]
  - 1 in [12048,76923]
  - 1 in [16129,1000000]
  - 1 in [18657,41268]
  - 1 in [21277,40000]
  - 3 in [22222,40000]
  - 1 in [35592,66608]
  - 1 in [35594,66606]
  - 1 in [41580,513015][662955]
  - 1 in [48659,71266]
  - 1 in [48661,71264]
  - 1 in [49998,195002]
  - 1 in [54240,256508]
  - 1 in [57864][59438][67009][68746][70861]
  - 1 in [91998,92002][133998,134002][162998,163002][191998,192002][219998,220002]
  - 1 in [115727,212582]
  - 1 in [149859,149869][151433,151443][159004,159 ... 443][287004,287014][288741,288751][290856,290860]
  - 1 in [173591,212582]
  - 1 in [725158,5565692]
  - 1 in [759098,759102][959508,959512][1450318,1450322][1855228,1855232][1919018,1919022]
  - 1 in [893118,893128][960130,960140][1093528,10 ... 053038,2053048][2056260,2056270][2120050,2120054]
  - 1 in [1787838,4421158]
#kAtMostOne: 6 (#literals: 105)
#kExactlyOne: 87 (#literals: 599)
#kLinear1: 179 (#enforced: 179)
#kLinear2: 11
#kLinear3: 3
#kLinearN: 37 (#enforced: 2) (#terms: 951)
[Symmetry] Graph for symmetry has 1'694 nodes and 2'990 arcs.
[Symmetry] Symmetry computation done. time: 0.0003142 dtime: 0.00035884
[Symmetry] #generators: 12, average support size: 4.16667
[Symmetry] 24 orbits on 49 variables with sizes: 3,2,2,2,2,2,2,2,2,2,...
[Symmetry] Found orbitope of size 3 x 2

Preloading model.
#Bound   1.77s best:inf   next:[4234121,24143465] initial_domain
#Model   1.77s var:427/427 constraints:323/323

Starting search at 1.78s with 32 workers.
23 full problem subsolvers: [core, default_lp, lb_tree_search, max_lp_sym, no_lp, objective_lb_search, objective_shaving_max_lp, objective_shaving_no_lp, probing, probing_max_lp, probing_no_lp, pseudo_costs, quick_restart, quick_restart_no_lp, reduced_costs, shared_tree(8)]
9 first solution subsolvers: [fj(3), fj_lin, fs_random, fs_random_no_lp(2), fs_random_quick_restart, fs_random_quick_restart_no_lp]
13 interleaved subsolvers: [feasibility_pump, graph_arc_lns, graph_cst_lns, graph_dec_lns, graph_var_lns, lb_relax_lns, ls(2), ls_lin, rins/rens, rnd_cst_lns, rnd_var_lns, variables_shaving]
3 helper subsolvers: [neighborhood_helper, synchronization_agent, update_gap_integral]

#Bound   1.79s best:inf   next:[4234214,24143465] objective_shaving_no_lp (vars=427 csts=324)
#Bound   1.79s best:inf   next:[4234373,24143465] objective_shaving_max_lp (vars=427 csts=324)
#Bound   1.79s best:inf   next:[4234547,24143465] objective_shaving_no_lp (vars=427 csts=324)
#Bound   1.80s best:inf   next:[4257739,24143465] objective_shaving_max_lp (vars=427 csts=324)
#Bound   1.81s best:inf   next:[4289260,24143465] shared_tree (initial_propagation)
#1       1.81s best:14423594 next:[4289260,14423593] shared_tree
#2       1.81s best:6890603 next:[4289260,6890602] core
#3       1.81s best:6871625 next:[4289260,6871624] quick_restart_no_lp
#Model   1.81s var:356/427 constraints:274/323
#Bound   1.81s best:6871625 next:[4399230,6871624] shared_tree
#Bound   1.81s best:6871625 next:[4399231,6871624] shared_tree
#Model   1.81s var:350/427 constraints:267/323
#Model   1.82s var:332/427 constraints:245/323
#Model   1.82s var:326/427 constraints:238/323
#Bound   1.82s best:6871625 next:[4403738,6871624] objective_lb_search
#Bound   1.82s best:6871625 next:[5284470,6871624] max_lp_sym
#Model   1.82s var:322/427 constraints:233/323
#Model   1.82s var:318/427 constraints:229/323
#Bound   1.82s best:6871625 next:[5802148,6871624] probing_no_lp
#Model   1.82s var:265/427 constraints:178/323
#Model   1.82s var:248/427 constraints:164/323
#4       1.82s best:6824867 next:[5802148,6824866] quick_restart
#Bound   1.82s best:6824867 next:[5869159,6824866] probing_no_lp
#Model   1.82s var:240/427 constraints:157/323
#5       1.82s best:6012953 next:[5869159,6012952] pseudo_costs
#Bound   1.82s best:6012953 next:[5944526,6012952] default_lp
#Done    1.82s default_lp
#Done    1.82s probing_no_lp

Task timing                                n [     min,      max]      avg      dev     time         n [     min,      max]      avg      dev    dtime
                           'core':         1 [ 49.13ms,  49.13ms]  49.13ms   0.00ns  49.13ms         2 [  7.79ms,  14.97ms]  11.38ms   3.59ms  22.76ms
                     'default_lp':         1 [ 48.04ms,  48.04ms]  48.04ms   0.00ns  48.04ms         2 [477.13us,  15.06ms]   7.77ms   7.29ms  15.54ms
               'feasibility_pump':         2 [  6.14ms,  24.82ms]  15.48ms   9.34ms  30.97ms         1 [  6.12ms,   6.12ms]   6.12ms   0.00ns   6.12ms
                             'fj':         1 [ 38.71ms,  38.71ms]  38.71ms   0.00ns  38.71ms         1 [ 35.64ms,  35.64ms]  35.64ms   0.00ns  35.64ms
                             'fj':         1 [ 44.82ms,  44.82ms]  44.82ms   0.00ns  44.82ms         1 [ 27.16ms,  27.16ms]  27.16ms   0.00ns  27.16ms
                             'fj':         1 [ 44.92ms,  44.92ms]  44.92ms   0.00ns  44.92ms         1 [ 43.09ms,  43.09ms]  43.09ms   0.00ns  43.09ms
                         'fj_lin':         1 [ 38.86ms,  38.86ms]  38.86ms   0.00ns  38.86ms         1 [ 46.36ms,  46.36ms]  46.36ms   0.00ns  46.36ms
                      'fs_random':         1 [ 34.76ms,  34.76ms]  34.76ms   0.00ns  34.76ms         1 [ 14.97ms,  14.97ms]  14.97ms   0.00ns  14.97ms
                'fs_random_no_lp':         1 [ 31.42ms,  31.42ms]  31.42ms   0.00ns  31.42ms         1 [ 12.27ms,  12.27ms]  12.27ms   0.00ns  12.27ms
                'fs_random_no_lp':         1 [ 34.83ms,  34.83ms]  34.83ms   0.00ns  34.83ms         1 [ 14.97ms,  14.97ms]  14.97ms   0.00ns  14.97ms
        'fs_random_quick_restart':         1 [ 31.43ms,  31.43ms]  31.43ms   0.00ns  31.43ms         1 [ 14.97ms,  14.97ms]  14.97ms   0.00ns  14.97ms
  'fs_random_quick_restart_no_lp':         1 [ 33.85ms,  33.85ms]  33.85ms   0.00ns  33.85ms         1 [ 14.97ms,  14.97ms]  14.97ms   0.00ns  14.97ms
                  'graph_arc_lns':         1 [  4.20ms,   4.20ms]   4.20ms   0.00ns   4.20ms         1 [ 10.00ns,  10.00ns]  10.00ns   0.00ns  10.00ns
                  'graph_cst_lns':         1 [  3.30ms,   3.30ms]   3.30ms   0.00ns   3.30ms         1 [ 10.00ns,  10.00ns]  10.00ns   0.00ns  10.00ns
                  'graph_dec_lns':         1 [  4.24ms,   4.24ms]   4.24ms   0.00ns   4.24ms         1 [ 10.00ns,  10.00ns]  10.00ns   0.00ns  10.00ns
                  'graph_var_lns':         1 [  4.62ms,   4.62ms]   4.62ms   0.00ns   4.62ms         1 [ 64.00ns,  64.00ns]  64.00ns   0.00ns  64.00ns
                   'lb_relax_lns':         1 [  5.78ms,   5.78ms]   5.78ms   0.00ns   5.78ms         0 [  0.00ns,   0.00ns]   0.00ns   0.00ns   0.00ns
                 'lb_tree_search':         1 [ 47.69ms,  47.69ms]  47.69ms   0.00ns  47.69ms         1 [ 16.81ms,  16.81ms]  16.81ms   0.00ns  16.81ms
                             'ls':         1 [  4.93ms,   4.93ms]   4.93ms   0.00ns   4.93ms         1 [  2.46ms,   2.46ms]   2.46ms   0.00ns   2.46ms
                             'ls':         1 [  4.95ms,   4.95ms]   4.95ms   0.00ns   4.95ms         1 [  1.73ms,   1.73ms]   1.73ms   0.00ns   1.73ms
                         'ls_lin':         1 [  1.36ms,   1.36ms]   1.36ms   0.00ns   1.36ms         0 [  0.00ns,   0.00ns]   0.00ns   0.00ns   0.00ns
                     'max_lp_sym':         1 [ 48.80ms,  48.80ms]  48.80ms   0.00ns  48.80ms         1 [ 16.62ms,  16.62ms]  16.62ms   0.00ns  16.62ms
                          'no_lp':         1 [ 48.99ms,  48.99ms]  48.99ms   0.00ns  48.99ms         2 [  6.79ms,  14.97ms]  10.88ms   4.09ms  21.76ms
            'objective_lb_search':         1 [ 47.38ms,  47.38ms]  47.38ms   0.00ns  47.38ms         2 [  4.60ms,  15.03ms]   9.82ms   5.22ms  19.63ms
       'objective_shaving_max_lp':         2 [  5.47ms,   7.23ms]   6.35ms 881.25us  12.71ms         0 [  0.00ns,   0.00ns]   0.00ns   0.00ns   0.00ns
        'objective_shaving_no_lp':         2 [  2.84ms,   7.27ms]   5.06ms   2.21ms  10.12ms         0 [  0.00ns,   0.00ns]   0.00ns   0.00ns   0.00ns
                        'probing':         1 [ 47.42ms,  47.42ms]  47.42ms   0.00ns  47.42ms         2 [  1.07ms,  15.22ms]   8.15ms   7.08ms  16.29ms
                 'probing_max_lp':         1 [ 46.91ms,  46.91ms]  46.91ms   0.00ns  46.91ms         1 [ 16.74ms,  16.74ms]  16.74ms   0.00ns  16.74ms
                  'probing_no_lp':         1 [ 46.68ms,  46.68ms]  46.68ms   0.00ns  46.68ms         2 [  4.20ms,  15.16ms]   9.68ms   5.48ms  19.35ms
                   'pseudo_costs':         1 [ 47.96ms,  47.96ms]  47.96ms   0.00ns  47.96ms         2 [449.70us,  15.04ms]   7.75ms   7.30ms  15.49ms
                  'quick_restart':         1 [ 48.47ms,  48.47ms]  48.47ms   0.00ns  48.47ms         2 [  1.37ms,  15.06ms]   8.21ms   6.85ms  16.42ms
            'quick_restart_no_lp':         1 [ 48.14ms,  48.14ms]  48.14ms   0.00ns  48.14ms         2 [  6.92ms,  14.97ms]  10.94ms   4.03ms  21.89ms
                  'reduced_costs':         1 [ 48.31ms,  48.31ms]  48.31ms   0.00ns  48.31ms         2 [752.62us,  15.04ms]   7.90ms   7.14ms  15.79ms
                      'rins/rens':         1 [ 12.10ms,  12.10ms]  12.10ms   0.00ns  12.10ms         0 [  0.00ns,   0.00ns]   0.00ns   0.00ns   0.00ns
                    'rnd_cst_lns':         1 [800.60us, 800.60us] 800.60us   0.00ns 800.60us         0 [  0.00ns,   0.00ns]   0.00ns   0.00ns   0.00ns
                    'rnd_var_lns':         2 [  1.52ms,   3.31ms]   2.41ms 896.45us   4.82ms         1 [ 10.00ns,  10.00ns]  10.00ns   0.00ns  10.00ns
                    'shared_tree':         1 [ 49.31ms,  49.31ms]  49.31ms   0.00ns  49.31ms         2 [  4.73ms,  15.03ms]   9.88ms   5.15ms  19.76ms
                    'shared_tree':         1 [ 49.35ms,  49.35ms]  49.35ms   0.00ns  49.35ms         2 [  5.56ms,  15.06ms]  10.31ms   4.75ms  20.61ms
                    'shared_tree':         1 [ 49.54ms,  49.54ms]  49.54ms   0.00ns  49.54ms         2 [  4.98ms,  15.06ms]  10.02ms   5.04ms  20.04ms
                    'shared_tree':         1 [ 49.61ms,  49.61ms]  49.61ms   0.00ns  49.61ms         2 [  5.40ms,  15.04ms]  10.22ms   4.82ms  20.44ms
                    'shared_tree':         1 [ 49.90ms,  49.90ms]  49.90ms   0.00ns  49.90ms         2 [  7.05ms,  15.06ms]  11.06ms   4.00ms  22.12ms
                    'shared_tree':         1 [ 50.00ms,  50.00ms]  50.00ms   0.00ns  50.00ms         2 [  5.07ms,  15.06ms]  10.06ms   4.99ms  20.13ms
                    'shared_tree':         1 [ 50.14ms,  50.14ms]  50.14ms   0.00ns  50.14ms         2 [  4.31ms,  15.04ms]   9.68ms   5.37ms  19.36ms
                    'shared_tree':         1 [ 50.27ms,  50.27ms]  50.27ms   0.00ns  50.27ms         2 [  4.13ms,  15.06ms]   9.60ms   5.46ms  19.19ms
              'variables_shaving':         1 [ 45.28ms,  45.28ms]  45.28ms   0.00ns  45.28ms         1 [  2.96ms,   2.96ms]   2.96ms   0.00ns   2.96ms

Search stats                        Bools  Conflicts  Branches  Restarts  BacktrackToRoot  Backtrack  BoolPropag  IntegerPropag
                           'core':    429          4     1'246         0              851      1'069     132'910        104'664
                     'default_lp':    406          1       812         0              811        811      98'077         72'822
                      'fs_random':    405          0       810         0              810        810      97'570         72'284
                'fs_random_no_lp':    405          0       792         0              792        792      95'995         71'311
                'fs_random_no_lp':    405          0       810         0              810        810      97'570         72'284
        'fs_random_quick_restart':    405          0       810         0              810        810      97'570         72'284
  'fs_random_quick_restart_no_lp':    405          0       810         0              810        810      97'570         72'284
                 'lb_tree_search':    405          0       810         0              810        810      97'570        109'472
                     'max_lp_sym':    405          0       810         0              810        810      97'570        109'472
                          'no_lp':    422         41     1'369         0            1'065      1'267     125'306        101'532
            'objective_lb_search':    407         20     1'145         0              970      1'107     116'137         92'200
                        'probing':    405          0       814         0              814        814      98'217         72'807
                 'probing_max_lp':    405          0       810         0              810        810      97'570        109'472
                  'probing_no_lp':    495         32     1'174         0            1'174      1'174     123'138         96'853
                   'pseudo_costs':    422          3       847         0              811        814      98'087        110'159
                  'quick_restart':    423          2       868         0              811        813      98'187         73'109
            'quick_restart_no_lp':    422         46     1'374         0            1'066      1'278     127'565        102'560
                  'reduced_costs':    424          0       944         0              811        811      97'983        110'379
                    'shared_tree':    407         15     1'077         0              912      1'044     111'741         87'925
                    'shared_tree':    407         16     1'123         0              944      1'088     114'260         90'076
                    'shared_tree':    407         19     1'132         0              949      1'095     114'950         90'439
                    'shared_tree':    407         28     1'216         0            1'005      1'171     118'701         95'104
                    'shared_tree':    407         28     1'247         0            1'027      1'205     118'583         95'428
                    'shared_tree':    431         18     1'200         0              950      1'103     115'290         90'659
                    'shared_tree':    431         40     1'350         0            1'057      1'261     126'181        100'457
                    'shared_tree':    436         10     1'038         0              861        963     107'204         83'446

SAT formula                         Fixed  Equiv  Total  VarLeft  BinaryClauses  PermanentClauses  TemporaryClauses
                           'core':     70      8    429      351          3'394                64                 0
                     'default_lp':    359      2    406       45          1'752               106                 0
                      'fs_random':      0      2    405      403          1'550               106                 0
                'fs_random_no_lp':      0      0    405      405          2'958               106                 0
                'fs_random_no_lp':      0      2    405      403          1'550               106                 0
        'fs_random_quick_restart':      0      2    405      403          1'550               106                 0
  'fs_random_quick_restart_no_lp':      0      2    405      403          1'550               106                 0
                 'lb_tree_search':      0      2    405      403          1'550               106                 0
                     'max_lp_sym':      0      2    405      403          1'550               106                 0
                          'no_lp':    183      9    422      230          1'748                30                 0
            'objective_lb_search':    179      9    407      219            838                30                 0
                        'probing':      0      2    405      403          1'330               106                 0
                 'probing_max_lp':      0      2    405      403          1'328               106                 0
                  'probing_no_lp':    210      2    495      283          3'692               106                 0
                   'pseudo_costs':    135      2    422      285          1'728               108                 0
                  'quick_restart':     70      2    423      351          1'568               107                 1
            'quick_restart_no_lp':    183      9    422      230          1'726                30                 0
                  'reduced_costs':    260      2    424      162          1'692               106                 0
                    'shared_tree':    158      7    407      242          1'028                35                 0
                    'shared_tree':    166      7    431      258          1'466                35                 2
                    'shared_tree':    168      7    407      232            986                33                 0
                    'shared_tree':    168      7    407      232            988                33                 0
                    'shared_tree':    173      8    436      255          1'784                37                 0
                    'shared_tree':    183      8    407      216            870                30                 0
                    'shared_tree':    185      8    407      214            866                30                 0
                    'shared_tree':    188      9    431      234          1'464                30                 0

SAT stats                           ClassicMinim  LitRemoved  LitRemovedBinary  LitLearned  LitForgotten  Subsumed
                           'core':             0           0                 2         180             0         0
                     'default_lp':             0           0                 1           1             0         0
                      'fs_random':             0           0                 0           0             0         0
                'fs_random_no_lp':             0           0                 0           0             0         0
                'fs_random_no_lp':             0           0                 0           0             0         0
        'fs_random_quick_restart':             0           0                 0           0             0         0
  'fs_random_quick_restart_no_lp':             0           0                 0           0             0         0
                 'lb_tree_search':             0           0                 0           0             0         0
                     'max_lp_sym':             0           0                 0           0             0         0
                          'no_lp':             1           1               186          48             0         0
            'objective_lb_search':             1           1               202          28             0         0
                        'probing':             0           0                 0           0             0         0
                 'probing_max_lp':             0           0                 0           0             0         0
                  'probing_no_lp':             0           0                 0          30             0         0
                   'pseudo_costs':             2         146                 1          10             0         0
                  'quick_restart':             1           1                17          22             0         0
            'quick_restart_no_lp':             1           1               203          50             0         0
                  'reduced_costs':             0           0                 0           0             0         0
                    'shared_tree':             0           0               187          16             0         0
                    'shared_tree':             0           0               187          19             0         0
                    'shared_tree':             0           0               227          15             0         0
                    'shared_tree':             0           0                76          17             0         0
                    'shared_tree':             1           1               174          47             0         0
                    'shared_tree':             2         154               197          31             0         0
                    'shared_tree':             2           2               215          38             0         0
                    'shared_tree':             2           2               215          38             0         0

Vivification                        Clauses  Decisions  LitTrue  Subsumed  LitRemoved  DecisionReused  Conflicts
                           'core':        0          0        0         0           0               0          0
                     'default_lp':        0          0        0         0           0               0          0
                      'fs_random':        0          0        0         0           0               0          0
                'fs_random_no_lp':        0          0        0         0           0               0          0
                'fs_random_no_lp':        0          0        0         0           0               0          0
        'fs_random_quick_restart':        0          0        0         0           0               0          0
  'fs_random_quick_restart_no_lp':        0          0        0         0           0               0          0
                 'lb_tree_search':        0          0        0         0           0               0          0
                     'max_lp_sym':        0          0        0         0           0               0          0
                          'no_lp':        0          0        0         0           0               0          0
            'objective_lb_search':        0          0        0         0           0               0          0
                        'probing':        0          0        0         0           0               0          0
                 'probing_max_lp':        0          0        0         0           0               0          0
                  'probing_no_lp':        0          0        0         0           0               0          0
                   'pseudo_costs':        0          0        0         0           0               0          0
                  'quick_restart':        0          0        0         0           0               0          0
            'quick_restart_no_lp':        0          0        0         0           0               0          0
                  'reduced_costs':        0          0        0         0           0               0          0
                    'shared_tree':        0          0        0         0           0               0          0
                    'shared_tree':        0          0        0         0           0               0          0
                    'shared_tree':        0          0        0         0           0               0          0
                    'shared_tree':        0          0        0         0           0               0          0
                    'shared_tree':        0          0        0         0           0               0          0
                    'shared_tree':        0          0        0         0           0               0          0
                    'shared_tree':        0          0        0         0           0               0          0
                    'shared_tree':        0          0        0         0           0               0          0

Clause deletion                     at_true  l_and_not(l)  to_binary  sub_conflict  sub_extra  sub_decisions  sub_eager  sub_vivify  sub_probing  sub_inpro  blocked  eliminated  forgotten  promoted  conflicts
                           'core':       16             1         10             0          0              0          0           0            1          8        0           0          0         5          4
                     'default_lp':        0             0          0             0          0              0          0           0            0          0        0           0          0         0          1
                      'fs_random':        0             0          0             0          0              0          0           0            0          0        0           0          0         0          0
                'fs_random_no_lp':        0             0          0             0          0              0          0           0            0          0        0           0          0         0          0
                'fs_random_no_lp':        0             0          0             0          0              0          0           0            0          0        0           0          0         0          0
        'fs_random_quick_restart':        0             0          0             0          0              0          0           0            0          0        0           0          0         0          0
  'fs_random_quick_restart_no_lp':        0             0          0             0          0              0          0           0            0          0        0           0          0         0          0
                 'lb_tree_search':        0             0          0             0          0              0          0           0            0          0        0           0          0         0          0
                     'max_lp_sym':        0             0          0             0          0              0          0           0            0          0        0           0          0         0          0
                          'no_lp':       35            23          0             0          0              0          0           0            1          9        0           0          0         0         41
            'objective_lb_search':       35            21          2             0          0              0          0           0            1          9        0           0          0         0         20
                        'probing':        0             0          0             0          0              0          0           0            0          0        0           0          0         0          0
                 'probing_max_lp':        0             0          0             0          0              0          0           0            0          0        0           0          0         0          0
                  'probing_no_lp':        0             0          0             0          2              0          0           0            0          0        0           0          0         0         32
                   'pseudo_costs':        0             0          0             0          0              0          0           0            0          0        0           0          0         0          3
                  'quick_restart':        0             0          0             0          0              0          0           0            0          0        0           0          0         1          2
            'quick_restart_no_lp':       31            25          2             0          0              0          0           0            1          9        0           0          0         0         46
                  'reduced_costs':        0             0          0             0          0              0          0           0            0          0        0           0          0         0          0
                    'shared_tree':       29            28          2             0          0              0          0           0            1          9        0           0          0         0         40
                    'shared_tree':       32            19          4             0          0              0          0           0            0          8        0           0          0         0         16
                    'shared_tree':       33            21          1             0          0              0          0           0            0          8        0           0          0         4         18
                    'shared_tree':       34            20          3             0          0              0          0           0            0          8        0           0          0         0         19
                    'shared_tree':       34            21          2             0          0              0          0           0            0          8        0           0          0         0         15
                    'shared_tree':       35            21          1             0          0              0          0           0            2          9        0           0          0         0         28
                    'shared_tree':       35            21          1             0          0              0          0           0            2          9        0           0          0         0         28
                    'shared_tree':       41            12          1             0          0              0          0           0            0          8        0           0          0         0         10

Lp stats                      Component  Iterations  AddedCuts  OPTIMAL  DUAL_F.  DUAL_U.
               'default_lp':          2         119         94       15        0        0
                'fs_random':          2           0          0        0        0        0
  'fs_random_quick_restart':          2           0          0        0        0        0
           'lb_tree_search':          1          86         26        2        0        0
               'max_lp_sym':          1          85         59        2        0        0
      'objective_lb_search':          2          30          0       10        0        0
                  'probing':          2         201        140       29        0        0
           'probing_max_lp':          1          82         29        2        0        0
             'pseudo_costs':          1          96         95       15        2        0
            'quick_restart':          2         229         97       52        0        1
            'reduced_costs':          1         140         98       12        6        0
              'shared_tree':          2         110        101       18        0        0
              'shared_tree':          2         117         97       18        0        0
              'shared_tree':          2         122        101       19        0        0
              'shared_tree':          2         131        101       18        0        0
              'shared_tree':          2         138         73       32        0        0
              'shared_tree':          2         139         95       18        0        0
              'shared_tree':          2         181        118       25        0        0
              'shared_tree':          2         225        133       37        0        0

Lp dimension                   Final dimension of first component
               'default_lp':    67 rows, 279 columns, 805 entries
                'fs_random':       0 rows, 279 columns, 0 entries
  'fs_random_quick_restart':       0 rows, 279 columns, 0 entries
           'lb_tree_search':  300 rows, 427 columns, 3042 entries
               'max_lp_sym':  268 rows, 402 columns, 2681 entries
      'objective_lb_search':    26 rows, 279 columns, 865 entries
                  'probing':  108 rows, 279 columns, 1353 entries
           'probing_max_lp':  301 rows, 427 columns, 2950 entries
             'pseudo_costs':   86 rows, 427 columns, 1074 entries
            'quick_restart':   94 rows, 279 columns, 1122 entries
            'reduced_costs':   99 rows, 427 columns, 1429 entries
              'shared_tree':  110 rows, 279 columns, 1293 entries
              'shared_tree':   67 rows, 279 columns, 1040 entries
              'shared_tree':   68 rows, 279 columns, 1020 entries
              'shared_tree':   69 rows, 279 columns, 1041 entries
              'shared_tree':   69 rows, 279 columns, 1047 entries
              'shared_tree':   70 rows, 279 columns, 1029 entries
              'shared_tree':   74 rows, 279 columns, 1032 entries
              'shared_tree':   86 rows, 279 columns, 1209 entries

Lp debug                      CutPropag  CutEqPropag  Adjust  Overflow  Bad  BadScaling
               'default_lp':          0            0       4         0   66           0
                'fs_random':          0            0       0         0    0           0
  'fs_random_quick_restart':          0            0       0         0    0           0
           'lb_tree_search':          0            0       2         0  154           0
               'max_lp_sym':          0            0       2         0  363           0
      'objective_lb_search':          0            0       1         0    0           0
                  'probing':          0            0      14         0  147           0
           'probing_max_lp':          0            0       2         0  121           0
             'pseudo_costs':          0            0       4         0   74           0
            'quick_restart':          0            0      33         0  141           0
            'reduced_costs':          0            0      16         0    0           0
              'shared_tree':          0            0      14         0   56           0
              'shared_tree':          0            0       2         0   35           0
              'shared_tree':          0            0       3         0   33           0
              'shared_tree':          0            0       4         0   32           0
              'shared_tree':          0            0       5         0   32           0
              'shared_tree':          0            0       5         0   36           0
              'shared_tree':          0            0       6         0   53           0
              'shared_tree':          1            0      20         0   91           0

Lp pool                       Constraints  Updates  Simplif  Merged  Shortened  Split  Strengthened  Cuts/Call
               'default_lp':          186        0       73       0         55     13             5     94/105
                'fs_random':           93        0        0       0          0      5             0        0/0
  'fs_random_quick_restart':           93        0        0       0          0      5             0        0/0
           'lb_tree_search':          309        0        0       0          0     10             0      26/62
               'max_lp_sym':          311        1        0       0          0     10            78      59/95
      'objective_lb_search':           92        0        0       0          0      5             0        0/0
                  'probing':          231        0        0       1          0     15             0    140/242
           'probing_max_lp':          312        0        0       0          0     10             0      29/39
             'pseudo_costs':          378        0      276       0        173     19            30     95/156
            'quick_restart':          188        3       54       1         41     14             0     97/186
            'reduced_costs':          381        0      180       0        156     14            26     98/118
              'shared_tree':          164        0       42       1         39     14             3     73/138
              'shared_tree':          187        0       69       0         41     13            15     95/107
              'shared_tree':          189        0       69       0         41     13            15     97/109
              'shared_tree':          193        0       69       0         41     13            15    101/112
              'shared_tree':          193        0       69       0         41     13            15    101/120
              'shared_tree':          193        0       70       0         42     13            15    101/112
              'shared_tree':          209        0        0       1          0     15             0    118/150
              'shared_tree':          225        0        0       0          0     15             0    133/209

Lp Cut        defaul  shared  shared  shared  shared  shared  shared  shared  shared  max_lp  quick_  reduce  pseudo  lb_tre  probin  probin
      CG_FF:       -       1       -       -       -       1       -       2       -       -       -       -       -       -       -       -
       CG_K:       -       1       -       -       -       1       -       2       -       -       -       -       -       -       -       -
       CG_R:       -       1       -       -       -       1       -       2       -       -       -       -       -       -       -       -
     Clique:       -       -       -       -       -       -       -       -       -       -       -       -       3       -       -       -
         IB:      94      96     133      72     118      96      95      93      97      20      86      98      92      18     138      18
   MIR_1_FF:       -       1       -       -       -       1       -       1       -       5       -       -       -       -       -       2
    MIR_1_K:       -       -       -       1       -       -       -       -       -       1       1       -       -       1       -       -
    MIR_1_R:       -       1       -       -       -       1       -       1       -       1       -       -       -       -       -       -
   MIR_1_RB:       -       -       -       -       -       -       -       -       -       7       1       -       -       1       -       3
   MIR_2_FF:       -       -       -       -       -       -       -       -       -       1       1       -       -       -       -       -
    MIR_2_K:       -       -       -       -       -       -       -       -       -       -       2       -       -       1       2       -
   MIR_2_RB:       -       -       -       -       -       -       -       -       -       1       -       -       -       -       -       -
  MIR_2_RBP:       -       -       -       -       -       -       -       -       -       -       1       -       -       -       -       -
   MIR_3_FF:       -       -       -       -       -       -       -       -       -       6       -       -       -       1       -       1
    MIR_3_K:       -       -       -       -       -       -       -       -       -       4       1       -       -       -       -       1
   MIR_3_KL:       -       -       -       -       -       -       -       -       -       1       1       -       -       -       -       1
    MIR_3_R:       -       -       -       -       -       -       -       -       -       -       -       -       -       1       -       -
   MIR_3_RB:       -       -       -       -       -       -       -       -       -       6       1       -       -       -       -       -
  MIR_3_RBP:       -       -       -       -       -       -       -       -       -       1       -       -       -       -       -       1
   MIR_4_FF:       -       -       -       -       -       -       -       -       -       2       -       -       -       1       -       -
    MIR_4_K:       -       -       -       -       -       -       -       -       -       -       1       -       -       -       -       -
    MIR_4_R:       -       -       -       -       -       -       -       -       -       1       -       -       -       -       -       -
   MIR_4_RB:       -       -       -       -       -       -       -       -       -       -       1       -       -       -       -       -
   MIR_5_FF:       -       -       -       -       -       -       -       -       -       1       -       -       -       1       -       1
    MIR_5_R:       -       -       -       -       -       -       -       -       -       1       -       -       -       -       -       1
   MIR_5_RB:       -       -       -       -       -       -       -       -       -       -       -       -       -       1       -       -

LNS stats           Improv/Calls  Closed  Difficulty  TimeLimit
  'graph_arc_lns':           0/1    100%    7.07e-01       0.10
  'graph_cst_lns':           0/1    100%    7.07e-01       0.10
  'graph_dec_lns':           0/1    100%    7.07e-01       0.10
  'graph_var_lns':           0/1    100%    7.07e-01       0.10
   'lb_relax_lns':           0/0      0%    5.00e-01       0.50
      'rins/rens':           0/0      0%    5.00e-01       0.10
    'rnd_cst_lns':           0/0      0%    5.00e-01       0.10
    'rnd_var_lns':           0/1    100%    7.07e-01       0.10

LS stats                                    Batches  Restarts/Perturbs  LinMoves  GenMoves  CompoundMoves  Bactracks  WeightUpdates  ScoreComputed
           'fj_lin_restart_decay_perturb':        1                  1     9'957         0              0          0          1'956         88'750
                             'fj_restart':        1                  1     7'495         0              0          0         19'547         59'208
  'fj_restart_decay_compound_perturb_obj':        1                  1         0    12'515          1'121      5'697            309        149'065
                     'fj_restart_perturb':        1                  1     8'017         0              0          0          2'377         77'738
                       'ls_restart_decay':        1                  1       938         0              0          0            366         13'166
                     'ls_restart_perturb':        1                  1       802         0              0          0            490         14'771

Solutions (5)             Num   Rank
                 'core':    2  [1,2]
         'pseudo_costs':    2  [4,5]
        'quick_restart':    2  [3,4]
  'quick_restart_no_lp':    2  [2,3]
          'shared_tree':    2  [0,1]

Objective bounds               Num
                'default_lp':    1
            'initial_domain':    1
                'max_lp_sym':    1
       'objective_lb_search':    1
  'objective_shaving_max_lp':    2
   'objective_shaving_no_lp':    2
             'probing_no_lp':    2
               'shared_tree':    3

Solution repositories    Added  Queried  Synchro
    'alternative_path':      1        0        1
      'best_solutions':      9       13        9
   'fj solution hints':      0        0        0
        'lp solutions':      1        0        1
                'pump':     21        1

Improving bounds shared    Num  Sym
                  'core':   46    0
            'default_lp':    6    0
                 'no_lp':  102    3
         'probing_no_lp':   68    2
          'pseudo_costs':    2    0
         'quick_restart':    4    0
   'quick_restart_no_lp':   16    0
         'reduced_costs':   86    0
           'shared_tree':   38    0

Clauses shared                      #Exported  #Imported  #BinaryRead  #BinaryTotal
                           'core':          8          0            5           328
                     'default_lp':          0          0          305           328
                      'fs_random':          0          0            0           328
                'fs_random_no_lp':          0          0            0           328
                'fs_random_no_lp':          0          0            0           328
        'fs_random_quick_restart':          0          0            0           328
  'fs_random_quick_restart_no_lp':          0          0            0           328
                 'lb_tree_search':          0          0            0           328
                     'max_lp_sym':          0          0            0           328
                          'no_lp':        122          0            5           328
            'objective_lb_search':          8          0           80           328
                        'probing':          0          0            0           328
                 'probing_max_lp':          0          0            0           328
                  'probing_no_lp':         89          0          255           328
                   'pseudo_costs':          0          0          112           328
                  'quick_restart':          0          0            5           328
            'quick_restart_no_lp':         39          0            5           328
                  'reduced_costs':          0          0          124           328
                    'shared_tree':          0          0          106           328
                    'shared_tree':          0          0          109           328
                    'shared_tree':          0          0           73           328
                    'shared_tree':          2          0          112           328
                    'shared_tree':         20          0          122           328
                    'shared_tree':         26          0          106           328
                    'shared_tree':          6          0           77           328
                    'shared_tree':          8          0            9           328

LRAT_status: NA
CpSolverResponse summary:
status: OPTIMAL
objective: 6012953
best_bound: 6012953
integers: 284
booleans: 405
conflicts: 0
branches: 810
propagations: 97570
integer_propagations: 72284
restarts: 0
lp_iterations: 0
walltime: 1.85554
usertime: 1.85554
deterministic_time: 0.807955
gap_integral: 5.45841
solution_fingerprint: 0xf0ef5aa7e5a15806

params='log_search_progress:true' -> Optimal objective=6012953 bound=6012953 wall=2,1s
